Component: ARM Compiler 5.06 update 4 (build 422) Tool: armlink [4d35d2]

==============================================================================

Section Cross References

    startup_stm32f407xx.o(RESET) refers to startup_stm32f407xx.o(STACK) for __initial_sp
    startup_stm32f407xx.o(RESET) refers to startup_stm32f407xx.o(.text) for Reset_Handler
    startup_stm32f407xx.o(RESET) refers to stm32f4xx_it.o(i.NMI_Handler) for NMI_Handler
    startup_stm32f407xx.o(RESET) refers to stm32f4xx_it.o(i.HardFault_Handler) for HardFault_Handler
    startup_stm32f407xx.o(RESET) refers to stm32f4xx_it.o(i.MemManage_Handler) for MemManage_Handler
    startup_stm32f407xx.o(RESET) refers to stm32f4xx_it.o(i.BusFault_Handler) for BusFault_Handler
    startup_stm32f407xx.o(RESET) refers to stm32f4xx_it.o(i.UsageFault_Handler) for UsageFault_Handler
    startup_stm32f407xx.o(RESET) refers to stm32f4xx_it.o(i.SVC_Handler) for SVC_Handler
    startup_stm32f407xx.o(RESET) refers to stm32f4xx_it.o(i.DebugMon_Handler) for DebugMon_Handler
    startup_stm32f407xx.o(RESET) refers to stm32f4xx_it.o(i.PendSV_Handler) for PendSV_Handler
    startup_stm32f407xx.o(RESET) refers to stm32f4xx_it.o(i.SysTick_Handler) for SysTick_Handler
    startup_stm32f407xx.o(RESET) refers to stm32f4xx_it.o(i.EXTI0_IRQHandler) for EXTI0_IRQHandler
    startup_stm32f407xx.o(RESET) refers to stm32f4xx_it.o(i.EXTI1_IRQHandler) for EXTI1_IRQHandler
    startup_stm32f407xx.o(RESET) refers to stm32f4xx_it.o(i.DMA1_Stream3_IRQHandler) for DMA1_Stream3_IRQHandler
    startup_stm32f407xx.o(RESET) refers to stm32f4xx_it.o(i.TIM4_IRQHandler) for TIM4_IRQHandler
    startup_stm32f407xx.o(RESET) refers to stm32f4xx_it.o(i.USART2_IRQHandler) for USART2_IRQHandler
    startup_stm32f407xx.o(RESET) refers to stm32f4xx_it.o(i.DMA1_Stream7_IRQHandler) for DMA1_Stream7_IRQHandler
    startup_stm32f407xx.o(.text) refers to system_stm32f4xx.o(i.SystemInit) for SystemInit
    startup_stm32f407xx.o(.text) refers to entry.o(.ARM.Collect$$$$00000000) for __main
    system_stm32f4xx.o(i.SystemCoreClockUpdate) refers to system_stm32f4xx.o(.data) for .data
    system_stm32f4xx.o(i.SystemCoreClockUpdate) refers to system_stm32f4xx.o(.constdata) for .constdata
    cs43l22.o(i.CODEC_IO_Write) refers to stm32f4_discovery.o(i.AUDIO_IO_Write) for AUDIO_IO_Write
    cs43l22.o(i.cs43l22_DeInit) refers to stm32f4_discovery.o(i.AUDIO_IO_DeInit) for AUDIO_IO_DeInit
    cs43l22.o(i.cs43l22_Init) refers to stm32f4_discovery.o(i.AUDIO_IO_Init) for AUDIO_IO_Init
    cs43l22.o(i.cs43l22_Init) refers to cs43l22.o(i.CODEC_IO_Write) for CODEC_IO_Write
    cs43l22.o(i.cs43l22_Init) refers to cs43l22.o(i.cs43l22_SetVolume) for cs43l22_SetVolume
    cs43l22.o(i.cs43l22_Init) refers to cs43l22.o(.data) for .data
    cs43l22.o(i.cs43l22_Pause) refers to cs43l22.o(i.cs43l22_SetMute) for cs43l22_SetMute
    cs43l22.o(i.cs43l22_Pause) refers to cs43l22.o(i.CODEC_IO_Write) for CODEC_IO_Write
    cs43l22.o(i.cs43l22_Play) refers to cs43l22.o(i.CODEC_IO_Write) for CODEC_IO_Write
    cs43l22.o(i.cs43l22_Play) refers to cs43l22.o(i.cs43l22_SetMute) for cs43l22_SetMute
    cs43l22.o(i.cs43l22_Play) refers to cs43l22.o(.data) for .data
    cs43l22.o(i.cs43l22_ReadID) refers to stm32f4_discovery.o(i.AUDIO_IO_Init) for AUDIO_IO_Init
    cs43l22.o(i.cs43l22_ReadID) refers to stm32f4_discovery.o(i.AUDIO_IO_Read) for AUDIO_IO_Read
    cs43l22.o(i.cs43l22_Resume) refers to cs43l22.o(i.cs43l22_SetMute) for cs43l22_SetMute
    cs43l22.o(i.cs43l22_Resume) refers to cs43l22.o(i.CODEC_IO_Write) for CODEC_IO_Write
    cs43l22.o(i.cs43l22_Resume) refers to cs43l22.o(.data) for .data
    cs43l22.o(i.cs43l22_SetMute) refers to cs43l22.o(i.CODEC_IO_Write) for CODEC_IO_Write
    cs43l22.o(i.cs43l22_SetMute) refers to cs43l22.o(.data) for .data
    cs43l22.o(i.cs43l22_SetOutputMode) refers to cs43l22.o(i.CODEC_IO_Write) for CODEC_IO_Write
    cs43l22.o(i.cs43l22_SetOutputMode) refers to cs43l22.o(.data) for .data
    cs43l22.o(i.cs43l22_SetVolume) refers to cs43l22.o(i.CODEC_IO_Write) for CODEC_IO_Write
    cs43l22.o(i.cs43l22_Stop) refers to cs43l22.o(i.cs43l22_SetMute) for cs43l22_SetMute
    cs43l22.o(i.cs43l22_Stop) refers to cs43l22.o(i.CODEC_IO_Write) for CODEC_IO_Write
    cs43l22.o(i.cs43l22_Stop) refers to cs43l22.o(.data) for .data
    cs43l22.o(.data) refers to cs43l22.o(i.cs43l22_Init) for cs43l22_Init
    cs43l22.o(.data) refers to cs43l22.o(i.cs43l22_DeInit) for cs43l22_DeInit
    cs43l22.o(.data) refers to cs43l22.o(i.cs43l22_ReadID) for cs43l22_ReadID
    cs43l22.o(.data) refers to cs43l22.o(i.cs43l22_Play) for cs43l22_Play
    cs43l22.o(.data) refers to cs43l22.o(i.cs43l22_Pause) for cs43l22_Pause
    cs43l22.o(.data) refers to cs43l22.o(i.cs43l22_Resume) for cs43l22_Resume
    cs43l22.o(.data) refers to cs43l22.o(i.cs43l22_Stop) for cs43l22_Stop
    cs43l22.o(.data) refers to cs43l22.o(i.cs43l22_SetFrequency) for cs43l22_SetFrequency
[...]
    i.HAL_TIM_IC_CaptureCallback             0x08004148   Section        0  stm32f4xx_hal_tim.o(i.HAL_TIM_IC_CaptureCallback)
    i.HAL_TIM_IRQHandler                     0x0800414a   Section        0  stm32f4xx_hal_tim.o(i.HAL_TIM_IRQHandler)
    i.HAL_TIM_OC_ConfigChannel               0x080042b0   Section        0  stm32f4xx_hal_tim.o(i.HAL_TIM_OC_ConfigChannel)
    i.HAL_TIM_OC_DelayElapsedCallback        0x08004308   Section        0  main.o(i.HAL_TIM_OC_DelayElapsedCallback)
    i.HAL_TIM_OC_Init                        0x0800439c   Section        0  stm32f4xx_hal_tim.o(i.HAL_TIM_OC_Init)
    i.HAL_TIM_OC_MspInit                     0x080043d2   Section        0  stm32f4xx_hal_tim.o(i.HAL_TIM_OC_MspInit)
    i.HAL_TIM_OC_Start_IT                    0x080043d4   Section        0  stm32f4xx_hal_tim.o(i.HAL_TIM_OC_Start_IT)
    i.HAL_TIM_PWM_PulseFinishedCallback      0x08004440   Section        0  stm32f4xx_hal_tim.o(i.HAL_TIM_PWM_PulseFinishedCallback)
    i.HAL_TIM_PeriodElapsedCallback          0x08004442   Section        0  stm32f4xx_hal_tim.o(i.HAL_TIM_PeriodElapsedCallback)
    i.HAL_TIM_ReadCapturedValue              0x08004444   Section        0  stm32f4xx_hal_tim.o(i.HAL_TIM_ReadCapturedValue)
    i.HAL_TIM_TriggerCallback                0x08004488   Section        0  stm32f4xx_hal_tim.o(i.HAL_TIM_TriggerCallback)
    i.HAL_UART_ErrorCallback                 0x0800448a   Section        0  stm32f4xx_hal_uart.o(i.HAL_UART_ErrorCallback)
    i.HAL_UART_IRQHandler                    0x0800448c   Section        0  stm32f4xx_hal_uart.o(i.HAL_UART_IRQHandler)
    i.HAL_UART_Init                          0x0800459c   Section        0  stm32f4xx_hal_uart.o(i.HAL_UART_Init)
    i.HAL_UART_MspInit                       0x08004600   Section        0  stm32f4xx_hal_msp.o(i.HAL_UART_MspInit)
    i.HAL_UART_RxCpltCallback                0x08004680   Section        0  stm32f4xx_hal_uart.o(i.HAL_UART_RxCpltCallback)
    i.HAL_UART_TxCpltCallback                0x08004682   Section        0  stm32f4xx_hal_uart.o(i.HAL_UART_TxCpltCallback)
    i.HardFault_Handler                      0x08004684   Section        0  stm32f4xx_it.o(i.HardFault_Handler)
    i.I2C_IsAcknowledgeFailed                0x08004686   Section        0  stm32f4xx_hal_i2c.o(i.I2C_IsAcknowledgeFailed)
    I2C_IsAcknowledgeFailed                  0x08004687   Thumb Code    40  stm32f4xx_hal_i2c.o(i.I2C_IsAcknowledgeFailed)
    i.I2C_RequestMemoryRead                  0x080046ae   Section        0  stm32f4xx_hal_i2c.o(i.I2C_RequestMemoryRead)
    I2C_RequestMemoryRead                    0x080046af   Thumb Code   240  stm32f4xx_hal_i2c.o(i.I2C_RequestMemoryRead)
    i.I2C_RequestMemoryWrite                 0x080047a0   Section        0  stm32f4xx_hal_i2c.o(i.I2C_RequestMemoryWrite)
    I2C_RequestMemoryWrite                   0x080047a1   Thumb Code   156  stm32f4xx_hal_i2c.o(i.I2C_RequestMemoryWrite)
    i.I2C_WaitOnBTFFlagUntilTimeout          0x08004840   Section        0  stm32f4xx_hal_i2c.o(i.I2C_WaitOnBTFFlagUntilTimeout)
    I2C_WaitOnBTFFlagUntilTimeout            0x08004841   Thumb Code    78  stm32f4xx_hal_i2c.o(i.I2C_WaitOnBTFFlagUntilTimeout)
    i.I2C_WaitOnFlagUntilTimeout             0x0800488e   Section        0  stm32f4xx_hal_i2c.o(i.I2C_WaitOnFlagUntilTimeout)
    I2C_WaitOnFlagUntilTimeout               0x0800488f   Thumb Code    96  stm32f4xx_hal_i2c.o(i.I2C_WaitOnFlagUntilTimeout)
    i.I2C_WaitOnMasterAddressFlagUntilTimeout 0x080048f0   Section        0  stm32f4xx_hal_i2c.o(i.I2C_WaitOnMasterAddressFlagUntilTimeout)
    I2C_WaitOnMasterAddressFlagUntilTimeout  0x080048f1   Thumb Code   136  stm32f4xx_hal_i2c.o(i.I2C_WaitOnMasterAddressFlagUntilTimeout)
    i.I2C_WaitOnRXNEFlagUntilTimeout         0x08004978   Section        0  stm32f4xx_hal_i2c.o(i.I2C_WaitOnRXNEFlagUntilTimeout)
    I2C_WaitOnRXNEFlagUntilTimeout           0x08004979   Thumb Code    98  stm32f4xx_hal_i2c.o(i.I2C_WaitOnRXNEFlagUntilTimeout)
    i.I2C_WaitOnTXEFlagUntilTimeout          0x080049da   Section        0  stm32f4xx_hal_i2c.o(i.I2C_WaitOnTXEFlagUntilTimeout)
    I2C_WaitOnTXEFlagUntilTimeout            0x080049db   Thumb Code    78  stm32f4xx_hal_i2c.o(i.I2C_WaitOnTXEFlagUntilTimeout)
    i.I2Cx_Error                             0x08004a28   Section        0  stm32f4_discovery.o(i.I2Cx_Error)
    I2Cx_Error                               0x08004a29   Thumb Code    16  stm32f4_discovery.o(i.I2Cx_Error)
    i.I2Cx_Init                              0x08004a3c   Section        0  stm32f4_discovery.o(i.I2Cx_Init)
    I2Cx_Init                                0x08004a3d   Thumb Code    52  stm32f4_discovery.o(i.I2Cx_Init)
    i.I2Cx_MspInit                           0x08004a7c   Section        0  stm32f4_discovery.o(i.I2Cx_MspInit)
    I2Cx_MspInit                             0x08004a7d   Thumb Code   128  stm32f4_discovery.o(i.I2Cx_MspInit)
    i.I2S2_Init                              0x08004b04   Section        0  stm32f4_discovery_audio.o(i.I2S2_Init)
    I2S2_Init                                0x08004b05   Thumb Code    58  stm32f4_discovery_audio.o(i.I2S2_Init)
    i.I2S3_Init                              0x08004b48   Section        0  stm32f4_discovery_audio.o(i.I2S3_Init)
    I2S3_Init                                0x08004b49   Thumb Code    50  stm32f4_discovery_audio.o(i.I2S3_Init)
    i.I2SEx_FullDuplexRx_IT                  0x08004b84   Section        0  stm32f4xx_hal_i2s_ex.o(i.I2SEx_FullDuplexRx_IT)
    I2SEx_FullDuplexRx_IT                    0x08004b85   Thumb Code   128  stm32f4xx_hal_i2s_ex.o(i.I2SEx_FullDuplexRx_IT)
    i.I2SEx_FullDuplexTx_IT                  0x08004c0c   Section        0  stm32f4xx_hal_i2s_ex.o(i.I2SEx_FullDuplexTx_IT)
    I2SEx_FullDuplexTx_IT                    0x08004c0d   Thumb Code   122  stm32f4xx_hal_i2s_ex.o(i.I2SEx_FullDuplexTx_IT)
    i.I2S_DMAError                           0x08004c90   Section        0  stm32f4xx_hal_i2s.o(i.I2S_DMAError)
    I2S_DMAError                             0x08004c91   Thumb Code    40  stm32f4xx_hal_i2s.o(i.I2S_DMAError)
    i.I2S_DMARxCplt                          0x08004cb8   Section        0  stm32f4xx_hal_i2s.o(i.I2S_DMARxCplt)
    I2S_DMARxCplt                            0x08004cb9   Thumb Code    40  stm32f4xx_hal_i2s.o(i.I2S_DMARxCplt)
    i.I2S_DMARxHalfCplt                      0x08004ce0   Section        0  stm32f4xx_hal_i2s.o(i.I2S_DMARxHalfCplt)
    I2S_DMARxHalfCplt                        0x08004ce1   Thumb Code    10  stm32f4xx_hal_i2s.o(i.I2S_DMARxHalfCplt)
    i.I2S_DMATxCplt                          0x08004cea   Section        0  stm32f4xx_hal_i2s.o(i.I2S_DMATxCplt)
    I2S_DMATxCplt                            0x08004ceb   Thumb Code    40  stm32f4xx_hal_i2s.o(i.I2S_DMATxCplt)
    i.I2S_DMATxHalfCplt                      0x08004d12   Section        0  stm32f4xx_hal_i2s.o(i.I2S_DMATxHalfCplt)
    I2S_DMATxHalfCplt                        0x08004d13   Thumb Code    10  stm32f4xx_hal_i2s.o(i.I2S_DMATxHalfCplt)
    i.I2S_IRQHandler                         0x08004d1c   Section        0  stm32f4xx_hal_i2s.o(i.I2S_IRQHandler)
    I2S_IRQHandler                           0x08004d1d   Thumb Code   240  stm32f4xx_hal_i2s.o(i.I2S_IRQHandler)
    i.MemManage_Handler                      0x08004e0c   Section        0  stm32f4xx_it.o(i.MemManage_Handler)
    i.NMI_Handler                            0x08004e0e   Section        0  stm32f4xx_it.o(i.NMI_Handler)
    i.NVIC_SetPriority                       0x08004e10   Section        0  stm32f4xx_hal_cortex.o(i.NVIC_SetPriority)
    NVIC_SetPriority                         0x08004e11   Thumb Code    32  stm32f4xx_hal_cortex.o(i.NVIC_SetPriority)
    i.PDMDecoder_Init                        0x08004e30   Section        0  stm32f4_discovery_audio.o(i.PDMDecoder_Init)
    PDMDecoder_Init                          0x08004e31   Thumb Code    86  stm32f4_discovery_audio.o(i.PDMDecoder_Init)
    i.PendSV_Handler                         0x08004e90   Section        0  stm32f4xx_it.o(i.PendSV_Handler)
    i.SVC_Handler                            0x08004e92   Section        0  stm32f4xx_it.o(i.SVC_Handler)
    i.SysTick_Handler                        0x08004e94   Section        0  stm32f4xx_it.o(i.SysTick_Handler)
    i.SystemClock_Config                     0x08004eb8   Section        0  main.o(i.SystemClock_Config)
    SystemClock_Config                       0x08004eb9   Thumb Code   140  main.o(i.SystemClock_Config)
    i.SystemInit                             0x08004f50   Section        0  system_stm32f4xx.o(i.SystemInit)
    i.TIM4_IRQHandler                        0x08004fa4   Section        0  stm32f4xx_it.o(i.TIM4_IRQHandler)
    i.TIM_Base_SetConfig                     0x08004fb0   Section        0  stm32f4xx_hal_tim.o(i.TIM_Base_SetConfig)
    i.TIM_CCxChannelCmd                      0x08005070   Section        0  stm32f4xx_hal_tim.o(i.TIM_CCxChannelCmd)
    i.TIM_LED_Config                         0x08005088   Section        0  main.o(i.TIM_LED_Config)
    TIM_LED_Config                           0x08005089   Thumb Code   138  main.o(i.TIM_LED_Config)
    i.TIM_OC1_SetConfig                      0x08005128   Section        0  stm32f4xx_hal_tim.o(i.TIM_OC1_SetConfig)
    TIM_OC1_SetConfig                        0x08005129   Thumb Code    80  stm32f4xx_hal_tim.o(i.TIM_OC1_SetConfig)
    i.TIM_OC2_SetConfig                      0x08005180   Section        0  stm32f4xx_hal_tim.o(i.TIM_OC2_SetConfig)
    i.TIM_OC3_SetConfig                      0x080051e4   Section        0  stm32f4xx_hal_tim.o(i.TIM_OC3_SetConfig)
    TIM_OC3_SetConfig                        0x080051e5   Thumb Code    88  stm32f4xx_hal_tim.o(i.TIM_OC3_SetConfig)
    i.TIM_OC4_SetConfig                      0x08005244   Section        0  stm32f4xx_hal_tim.o(i.TIM_OC4_SetConfig)
    TIM_OC4_SetConfig                        0x08005245   Thumb Code    70  stm32f4xx_hal_tim.o(i.TIM_OC4_SetConfig)
    i.UART_DMAAbortOnError                   0x08005294   Section        0  stm32f4xx_hal_uart.o(i.UART_DMAAbortOnError)
    UART_DMAAbortOnError                     0x08005295   Thumb Code    16  stm32f4xx_hal_uart.o(i.UART_DMAAbortOnError)
    i.UART_EndRxTransfer                     0x080052a4   Section        0  stm32f4xx_hal_uart.o(i.UART_EndRxTransfer)
    UART_EndRxTransfer                       0x080052a5   Thumb Code    28  stm32f4xx_hal_uart.o(i.UART_EndRxTransfer)
    i.UART_Receive_IT                        0x080052c0   Section        0  stm32f4xx_hal_uart.o(i.UART_Receive_IT)
    UART_Receive_IT                          0x080052c1   Thumb Code   140  stm32f4xx_hal_uart.o(i.UART_Receive_IT)
    i.UART_SetConfig                         0x0800534c   Section        0  stm32f4xx_hal_uart.o(i.UART_SetConfig)
    UART_SetConfig                           0x0800534d   Thumb Code   676  stm32f4xx_hal_uart.o(i.UART_SetConfig)
    i.UART_Transmit_IT                       0x080055f8   Section        0  stm32f4xx_hal_uart.o(i.UART_Transmit_IT)
    UART_Transmit_IT                         0x080055f9   Thumb Code    98  stm32f4xx_hal_uart.o(i.UART_Transmit_IT)
    i.USART2_IRQHandler                      0x0800565c   Section        0  stm32f4xx_it.o(i.USART2_IRQHandler)
    i.UsageFault_Handler                     0x08005668   Section        0  stm32f4xx_it.o(i.UsageFault_Handler)
    i.WavePlayBack                           0x0800566c   Section        0  waveplayer.o(i.WavePlayBack)
    i.WavePlayerInit                         0x08005694   Section        0  waveplayer.o(i.WavePlayerInit)
    i.WaveRecorderProcess                    0x080056a4   Section        0  waverecorder.o(i.WaveRecorderProcess)
    i.__0printf$1                            0x080056d0   Section        0  printf1.o(i.__0printf$1)
    i.__ARM_fpclassify                       0x080056f0   Section        0  fpclassify.o(i.__ARM_fpclassify)
    i.__hardfp_cos                           0x08005720   Section        0  cos.o(i.__hardfp_cos)
    i.__ieee754_rem_pio2                     0x080057e8   Section        0  rred.o(i.__ieee754_rem_pio2)
    i.__kernel_cos                           0x08005c20   Section        0  cos_i.o(i.__kernel_cos)
    i.__kernel_poly                          0x08005d90   Section        0  poly.o(i.__kernel_poly)
    i.__kernel_sin                           0x08005e88   Section        0  sin_i.o(i.__kernel_sin)
    i.__mathlib_dbl_infnan                   0x08005fb8   Section        0  dunder.o(i.__mathlib_dbl_infnan)
    i.__mathlib_dbl_invalid                  0x08005fd0   Section        0  dunder.o(i.__mathlib_dbl_invalid)
    i.__mathlib_dbl_underflow                0x08005ff0   Section        0  dunder.o(i.__mathlib_dbl_underflow)
    i.__scatterload_copy                     0x08006010   Section       14  handlers.o(i.__scatterload_copy)
    i.__scatterload_null                     0x0800601e   Section        2  handlers.o(i.__scatterload_null)
    i.__scatterload_zeroinit                 0x08006020   Section       14  handlers.o(i.__scatterload_zeroinit)
    i.__set_errno                            0x08006030   Section        0  errno.o(i.__set_errno)
    i._printf_core                           0x0800603c   Section        0  printf1.o(i._printf_core)
    _printf_core                             0x0800603d   Thumb Code   336  printf1.o(i._printf_core)
    i.convolve                               0x08006190   Section        0  main.o(i.convolve)
    i.cos                                    0x080061e2   Section        0  cos.o(i.cos)
    i.cs43l22_DeInit                         0x080061f2   Section        0  cs43l22.o(i.cs43l22_DeInit)
    i.cs43l22_Init                           0x080061f8   Section        0  cs43l22.o(i.cs43l22_Init)
    i.cs43l22_Pause                          0x080062d8   Section        0  cs43l22.o(i.cs43l22_Pause)
    i.cs43l22_Play                           0x080062f4   Section        0  cs43l22.o(i.cs43l22_Play)
    i.cs43l22_ReadID                         0x08006330   Section        0  cs43l22.o(i.cs43l22_ReadID)
    i.cs43l22_Reset                          0x08006346   Section        0  cs43l22.o(i.cs43l22_Reset)
    i.cs43l22_Resume                         0x0800634c   Section        0  cs43l22.o(i.cs43l22_Resume)
    i.cs43l22_SetFrequency                   0x08006388   Section        0  cs43l22.o(i.cs43l22_SetFrequency)
    i.cs43l22_SetMute                        0x0800638c   Section        0  cs43l22.o(i.cs43l22_SetMute)
    i.cs43l22_SetOutputMode                  0x080063e0   Section        0  cs43l22.o(i.cs43l22_SetOutputMode)
    i.cs43l22_SetVolume                      0x08006430   Section        0  cs43l22.o(i.cs43l22_SetVolume)
    i.cs43l22_Stop                           0x0800646c   Section        0  cs43l22.o(i.cs43l22_Stop)
    i.fabs                                   0x0800649c   Section        0  fabs.o(i.fabs)
    i.fputc                                  0x080064b4   Section        0  fprint_debug.o(i.fputc)
    i.main                                   0x080064dc   Section        0  main.o(i.main)
    i.printNs                                0x08006804   Section        0  main.o(i.printNs)
    i.sqrt                                   0x08006864   Section        0  sqrt.o(i.sqrt)
    i.update                                 0x080068d4   Section        0  main.o(i.update)
    i.vecSub                                 0x08006954   Section        0  main.o(i.vecSub)
    .constdata                               0x08006978   Section       16  system_stm32f4xx.o(.constdata)
    .constdata                               0x08006988   Section        8  system_stm32f4xx.o(.constdata)
    .constdata                               0x08006990   Section        8  stm32f4xx_hal_dma.o(.constdata)
    flagBitshiftOffset                       0x08006990   Data           8  stm32f4xx_hal_dma.o(.constdata)
    .constdata                               0x08006998   Section       12  stm32f4_discovery.o(.constdata)
    .constdata                               0x080069a4   Section       96  stm32f4_discovery_audio.o(.constdata)
    .constdata                               0x08006a08   Section       48  cos_i.o(.constdata)
    C                                        0x08006a08   Data          48  cos_i.o(.constdata)
    .constdata                               0x08006a38   Section      200  rred.o(.constdata)
    pio2s                                    0x08006a38   Data          48  rred.o(.constdata)
    twooverpi                                0x08006a68   Data         152  rred.o(.constdata)
    .constdata                               0x08006b00   Section       40  sin_i.o(.constdata)
    S                                        0x08006b00   Data          40  sin_i.o(.constdata)
    .data                                    0x20000000   Section        4  system_stm32f4xx.o(.data)
    .data                                    0x20000004   Section       48  cs43l22.o(.data)
    .data                                    0x20000034   Section        2  cs43l22.o(.data)
    Is_cs43l22_Stop                          0x20000034   Data           1  cs43l22.o(.data)
    .data                                    0x20000038   Section        4  stm32f4xx_hal.o(.data)
    .data                                    0x2000003c   Section       28  stm32f4_discovery.o(.data)
    .data                                    0x20000058   Section        8  stm32f4_discovery_audio.o(.data)
    pAudioDrv                                0x2000005c   Data           4  stm32f4_discovery_audio.o(.data)
    .data                                    0x20000060   Section       12  waverecorder.o(.data)
    .data                                    0x2000006c   Section        4  stm32f4xx_it.o(.data)
    .data                                    0x20000070   Section        8  waveplayer.o(.data)
    Volume                                   0x20000071   Data           1  waveplayer.o(.data)
    .data                                    0x20000078   Section       20  main.o(.data)
    .data                                    0x2000008c   Section        4  fprint_debug.o(.data)
    .data                                    0x20000090   Section      772  pdm_filter.o(.data)
    .data                                    0x20000394   Section        4  rand.o(.data)
    _rand_state                              0x20000394   Data           4  rand.o(.data)
    .data                                    0x20000398   Section        4  errno.o(.data)
    _errno                                   0x20000398   Data           4  errno.o(.data)
    .bss                                     0x2000039c   Section      172  stm32f4_discovery.o(.bss)
    SpiHandle                                0x2000039c   Data          88  stm32f4_discovery.o(.bss)
    I2cHandle                                0x200003f4   Data          84  stm32f4_discovery.o(.bss)
    .bss                                     0x20000448   Section      388  stm32f4_discovery_audio.o(.bss)
    hdma_i2sTx                               0x20000448   Data          96  stm32f4_discovery_audio.o(.bss)
    hdma_i2sRx                               0x200004a8   Data          96  stm32f4_discovery_audio.o(.bss)
    .bss                                     0x200005cc   Section      672  waverecorder.o(.bss)
    RecBuf                                   0x200007cc   Data          32  waverecorder.o(.bss)
    InternalBuffer                           0x200007ec   Data         128  waverecorder.o(.bss)
    .bss                                     0x2000086c   Section      512  waveplayer.o(.bss)
    .bss                                     0x20000a6c   Section     3480  main.o(.bss)
    STACK                                    0x20001808   Section     8192  startup_stm32f407xx.o(STACK)

    Global Symbols

    Symbol Name                              Value     Ov Type        Size  Object(Section)

    BuildAttributes$$THM_ISAv4$E$P$D$K$B$S$7EM$VFPi3$EXTD16$VFPS$VFMA$PE$A:L22UL41UL21$X:L11$S22US41US21$IEEE1$IW$USESV6$~STKCKD$USESV7$~SHL$OTIME$ROPI$IEEEX$EBA8$MICROLIB$REQ8$PRES8$EABIv2 0x00000000   Number         0  anon$$obj.o ABSOLUTE
    __ARM_use_no_argv                        0x00000000   Number         0  main.o ABSOLUTE
    _printf_a                                0x00000000   Number         0  stubs.o ABSOLUTE
    _printf_c                                0x00000000   Number         0  stubs.o ABSOLUTE
    _printf_charcount                        0x00000000   Number         0  stubs.o ABSOLUTE
    _printf_d                                0x00000000   Number         0  stubs.o ABSOLUTE
    _printf_e                                0x00000000   Number         0  stubs.o ABSOLUTE
    _printf_f                                0x00000000   Number         0  stubs.o ABSOLUTE
    _printf_flags                            0x00000000   Number         0  stubs.o ABSOLUTE
    _printf_fp_dec                           0x00000000   Number         0  stubs.o ABSOLUTE
    _printf_fp_hex                           0x00000000   Number         0  stubs.o ABSOLUTE
    _printf_g                                0x00000000   Number         0  stubs.o ABSOLUTE
    _printf_i                                0x00000000   Number         0  stubs.o ABSOLUTE
    _printf_int_dec                          0x00000000   Number         0  stubs.o ABSOLUTE
    _printf_l                                0x00000000   Number         0  stubs.o ABSOLUTE
    _printf_lc                               0x00000000   Number         0  stubs.o ABSOLUTE
    _printf_ll                               0x00000000   Number         0  stubs.o ABSOLUTE
    _printf_lld                              0x00000000   Number         0  stubs.o ABSOLUTE
    _printf_lli                              0x00000000   Number         0  stubs.o ABSOLUTE
    _printf_llo                              0x00000000   Number         0  stubs.o ABSOLUTE
    _printf_llu                              0x00000000   Number         0  stubs.o ABSOLUTE
    _printf_llx                              0x00000000   Number         0  stubs.o ABSOLUTE
    _printf_longlong_dec                     0x00000000   Number         0  stubs.o ABSOLUTE
    _printf_longlong_hex                     0x00000000   Number         0  stubs.o ABSOLUTE
    _printf_longlong_oct                     0x00000000   Number         0  stubs.o ABSOLUTE
    _printf_ls                               0x00000000   Number         0  stubs.o ABSOLUTE
    _printf_mbtowc                           0x00000000   Number         0  stubs.o ABSOLUTE
    _printf_n                                0x00000000   Number         0  stubs.o ABSOLUTE
    _printf_o                                0x00000000   Number         0  stubs.o ABSOLUTE
    _printf_p                                0x00000000   Number         0  stubs.o ABSOLUTE
    _printf_percent                          0x00000000   Number         0  stubs.o ABSOLUTE
    _printf_pre_padding                      0x00000000   Number         0  stubs.o ABSOLUTE
    _printf_return_value                     0x00000000   Number         0  stubs.o ABSOLUTE
    _printf_s                                0x00000000   Number         0  stubs.o ABSOLUTE
    _printf_sizespec                         0x00000000   Number         0  stubs.o ABSOLUTE
    _printf_str                              0x00000000   Number         0  stubs.o ABSOLUTE
    _printf_truncate_signed                  0x00000000   Number         0  stubs.o ABSOLUTE
    _printf_truncate_unsigned                0x00000000   Number         0  stubs.o ABSOLUTE
    _printf_u                                0x00000000   Number         0  stubs.o ABSOLUTE
    _printf_wc                               0x00000000   Number         0  stubs.o ABSOLUTE
    _printf_wctomb                           0x00000000   Number         0  stubs.o ABSOLUTE
    _printf_widthprec                        0x00000000   Number         0  stubs.o ABSOLUTE
    _printf_x                                0x00000000   Number         0  stubs.o ABSOLUTE
    __cpp_initialize__aeabi_                  - Undefined Weak Reference
    __cxa_finalize                            - Undefined Weak Reference
    _clock_init                               - Undefined Weak Reference
    _microlib_exit                            - Undefined Weak Reference
    __Vectors_Size                           0x00000188   Number         0  startup_stm32f407xx.o ABSOLUTE
    __Vectors                                0x08000000   Data           4  startup_stm32f407xx.o(RESET)
    __Vectors_End                            0x08000188   Data           0  startup_stm32f407xx.o(RESET)
    __main                                   0x08000189   Thumb Code     0  entry.o(.ARM.Collect$$$$00000000)
    _main_stk                                0x08000189   Thumb Code     0  entry2.o(.ARM.Collect$$$$00000001)
    _main_scatterload                        0x0800018d   Thumb Code     0  entry5.o(.ARM.Collect$$$$00000004)
    __main_after_scatterload                 0x08000191   Thumb Code     0  entry5.o(.ARM.Collect$$$$00000004)
    _main_clock                              0x08000191   Thumb Code     0  entry7b.o(.ARM.Collect$$$$00000008)
    _main_cpp_init                           0x08000191   Thumb Code     0  entry8b.o(.ARM.Collect$$$$0000000A)
    _main_init                               0x08000191   Thumb Code     0  entry9a.o(.ARM.Collect$$$$0000000B)
    __rt_final_cpp                           0x08000199   Thumb Code     0  entry10a.o(.ARM.Collect$$$$0000000D)
    __rt_final_exit                          0x08000199   Thumb Code     0  entry11a.o(.ARM.Collect$$$$0000000F)
    Reset_Handler                            0x0800019d   Thumb Code     8  startup_stm32f407xx.o(.text)
    ADC_IRQHandler                           0x080001b7   Thumb Code     0  startup_stm32f407xx.o(.text)
    CAN1_RX0_IRQHandler                      0x080001b7   Thumb Code     0  startup_stm32f407xx.o(.text)
    CAN1_RX1_IRQHandler                      0x080001b7   Thumb Code     0  startup_stm32f407xx.o(.text)
    CAN1_SCE_IRQHandler                      0x080001b7   Thumb Code     0  startup_stm32f407xx.o(.text)
    CAN1_TX_IRQHandler                       0x080001b7   Thumb Code     0  startup_stm32f407xx.o(.text)
    CAN2_RX0_IRQHandler                      0x080001b7   Thumb Code     0  startup_stm32f407xx.o(.text)
    CAN2_RX1_IRQHandler                      0x080001b7   Thumb Code     0  startup_stm32f407xx.o(.text)
    CAN2_SCE_IRQHandler                      0x080001b7   Thumb Code     0  startup_stm32f407xx.o(.text)
    CAN2_TX_IRQHandler                       0x080001b7   Thumb Code     0  startup_stm32f407xx.o(.text)
    DCMI_IRQHandler                          0x080001b7   Thumb Code     0  startup_stm32f407xx.o(.text)
    DMA1_Stream0_IRQHandler                  0x080001b7   Thumb Code     0  startup_stm32f407xx.o(.text)
    DMA1_Stream1_IRQHandler                  0x080001b7   Thumb Code     0  startup_stm32f407xx.o(.text)
    DMA1_Stream2_IRQHandler                  0x080001b7   Thumb Code     0  startup_stm32f407xx.o(.text)
    DMA1_Stream4_IRQHandler                  0x080001b7   Thumb Code     0  startup_stm32f407xx.o(.text)
    DMA1_Stream5_IRQHandler                  0x080001b7   Thumb Code     0  startup_stm32f407xx.o(.text)
    DMA1_Stream6_IRQHandler                  0x080001b7   Thumb Code     0  startup_stm32f407xx.o(.text)
    DMA2_Stream0_IRQHandler                  0x080001b7   Thumb Code     0  startup_stm32f407xx.o(.text)
    DMA2_Stream1_IRQHandler                  0x080001b7   Thumb Code     0  startup_stm32f407xx.o(.text)
    DMA2_Stream2_IRQHandler                  0x080001b7   Thumb Code     0  startup_stm32f407xx.o(.text)
    DMA2_Stream3_IRQHandler                  0x080001b7   Thumb Code     0  startup_stm32f407xx.o(.text)
    DMA2_Stream4_IRQHandler                  0x080001b7   Thumb Code     0  startup_stm32f407xx.o(.text)
    DMA2_Stream5_IRQHandler                  0x080001b7   Thumb Code     0  startup_stm32f407xx.o(.text)
    DMA2_Stream6_IRQHandler                  0x080001b7   Thumb Code     0  startup_stm32f407xx.o(.text)
    DMA2_Stream7_IRQHandler                  0x080001b7   Thumb Code     0  startup_stm32f407xx.o(.text)
    ETH_IRQHandler                           0x080001b7   Thumb Code     0  startup_stm32f407xx.o(.text)
    ETH_WKUP_IRQHandler                      0x080001b7   Thumb Code     0  startup_stm32f407xx.o(.text)
    EXTI15_10_IRQHandler                     0x080001b7   Thumb Code     0  startup_stm32f407xx.o(.text)
    EXTI2_IRQHandler                         0x080001b7   Thumb Code     0  startup_stm32f407xx.o(.text)
    EXTI3_IRQHandler                         0x080001b7   Thumb Code     0  startup_stm32f407xx.o(.text)
    EXTI4_IRQHandler                         0x080001b7   Thumb Code     0  startup_stm32f407xx.o(.text)
    EXTI9_5_IRQHandler                       0x080001b7   Thumb Code     0  startup_stm32f407xx.o(.text)
    FLASH_IRQHandler                         0x080001b7   Thumb Code     0  startup_stm32f407xx.o(.text)
    FMC_IRQHandler                           0x080001b7   Thumb Code     0  startup_stm32f407xx.o(.text)
    FPU_IRQHandler                           0x080001b7   Thumb Code     0  startup_stm32f407xx.o(.text)
    HASH_RNG_IRQHandler                      0x080001b7   Thumb Code     0  startup_stm32f407xx.o(.text)
    I2C1_ER_IRQHandler                       0x080001b7   Thumb Code     0  startup_stm32f407xx.o(.text)
    I2C1_EV_IRQHandler                       0x080001b7   Thumb Code     0  startup_stm32f407xx.o(.text)
    I2C2_ER_IRQHandler                       0x080001b7   Thumb Code     0  startup_stm32f407xx.o(.text)
    I2C2_EV_IRQHandler                       0x080001b7   Thumb Code     0  startup_stm32f407xx.o(.text)
    I2C3_ER_IRQHandler                       0x080001b7   Thumb Code     0  startup_stm32f407xx.o(.text)
    I2C3_EV_IRQHandler                       0x080001b7   Thumb Code     0  startup_stm32f407xx.o(.text)
    OTG_FS_IRQHandler                        0x080001b7   Thumb Code     0  startup_stm32f407xx.o(.text)
    OTG_FS_WKUP_IRQHandler                   0x080001b7   Thumb Code     0  startup_stm32f407xx.o(.text)
    OTG_HS_EP1_IN_IRQHandler                 0x080001b7   Thumb Code     0  startup_stm32f407xx.o(.text)
    OTG_HS_EP1_OUT_IRQHandler                0x080001b7   Thumb Code     0  startup_stm32f407xx.o(.text)
    OTG_HS_IRQHandler                        0x080001b7   Thumb Code     0  startup_stm32f407xx.o(.text)
    OTG_HS_WKUP_IRQHandler                   0x080001b7   Thumb Code     0  startup_stm32f407xx.o(.text)
    PVD_IRQHandler                           0x080001b7   Thumb Code     0  startup_stm32f407xx.o(.text)
    RCC_IRQHandler                           0x080001b7   Thumb Code     0  startup_stm32f407xx.o(.text)
    RTC_Alarm_IRQHandler                     0x080001b7   Thumb Code     0  startup_stm32f407xx.o(.text)
    RTC_WKUP_IRQHandler                      0x080001b7   Thumb Code     0  startup_stm32f407xx.o(.text)
    SDIO_IRQHandler                          0x080001b7   Thumb Code     0  startup_stm32f407xx.o(.text)
    SPI1_IRQHandler                          0x080001b7   Thumb Code     0  startup_stm32f407xx.o(.text)
    SPI2_IRQHandler                          0x080001b7   Thumb Code     0  startup_stm32f407xx.o(.text)
    SPI3_IRQHandler                          0x080001b7   Thumb Code     0  startup_stm32f407xx.o(.text)
    TAMP_STAMP_IRQHandler                    0x080001b7   Thumb Code     0  startup_stm32f407xx.o(.text)
    TIM1_BRK_TIM9_IRQHandler                 0x080001b7   Thumb Code     0  startup_stm32f407xx.o(.text)
    TIM1_CC_IRQHandler                       0x080001b7   Thumb Code     0  startup_stm32f407xx.o(.text)
    TIM1_TRG_COM_TIM11_IRQHandler            0x080001b7   Thumb Code     0  startup_stm32f407xx.o(.text)
    TIM1_UP_TIM10_IRQHandler                 0x080001b7   Thumb Code     0  startup_stm32f407xx.o(.text)
    TIM2_IRQHandler                          0x080001b7   Thumb Code     0  startup_stm32f407xx.o(.text)
    TIM3_IRQHandler                          0x080001b7   Thumb Code     0  startup_stm32f407xx.o(.text)
    TIM5_IRQHandler                          0x080001b7   Thumb Code     0  startup_stm32f407xx.o(.text)
    TIM6_DAC_IRQHandler                      0x080001b7   Thumb Code     0  startup_stm32f407xx.o(.text)
    TIM7_IRQHandler                          0x080001b7   Thumb Code     0  startup_stm32f407xx.o(.text)
    TIM8_BRK_TIM12_IRQHandler                0x080001b7   Thumb Code     0  startup_stm32f407xx.o(.text)
    TIM8_CC_IRQHandler                       0x080001b7   Thumb Code     0  startup_stm32f407xx.o(.text)
    TIM8_TRG_COM_TIM14_IRQHandler            0x080001b7   Thumb Code     0  startup_stm32f407xx.o(.text)
    TIM8_UP_TIM13_IRQHandler                 0x080001b7   Thumb Code     0  startup_stm32f407xx.o(.text)
    UART4_IRQHandler                         0x080001b7   Thumb Code     0  startup_stm32f407xx.o(.text)
    UART5_IRQHandler                         0x080001b7   Thumb Code     0  startup_stm32f407xx.o(.text)
    USART1_IRQHandler                        0x080001b7   Thumb Code     0  startup_stm32f407xx.o(.text)
    USART3_IRQHandler                        0x080001b7   Thumb Code     0  startup_stm32f407xx.o(.text)
    USART6_IRQHandler                        0x080001b7   Thumb Code     0  startup_stm32f407xx.o(.text)
    WWDG_IRQHandler                          0x080001b7   Thumb Code     0  startup_stm32f407xx.o(.text)
    PDM_Filter_Init                          0x080001c1   Thumb Code   444  pdm_filter.o(.text)
    PDM_Filter_64_LSB                        0x0800037d   Thumb Code   708  pdm_filter.o(.text)
    PDM_Filter_80_LSB                        0x08000641   Thumb Code   842  pdm_filter.o(.text)
    PDM_Filter_64_MSB                        0x0800098b   Thumb Code   690  pdm_filter.o(.text)
    PDM_Filter_80_MSB                        0x08000c3d   Thumb Code   862  pdm_filter.o(.text)
    PDM_Filter_128_MSB                       0x08000f9b   Thumb Code  1328  pdm_filter.o(.text)
    PDM_Filter_128_LSB                       0x080014cb   Thumb Code  1328  pdm_filter.o(.text)
    rand                                     0x08001a01   Thumb Code    20  rand.o(.text)
    srand                                    0x08001a15   Thumb Code     6  rand.o(.text)
    __aeabi_memcpy                           0x08001a25   Thumb Code    36  memcpya.o(.text)
    __aeabi_memcpy4                          0x08001a25   Thumb Code     0  memcpya.o(.text)
    __aeabi_memcpy8                          0x08001a25   Thumb Code     0  memcpya.o(.text)
    __aeabi_fmul                             0x08001a49   Thumb Code   100  fmul.o(.text)
    __ARM_scalbnf                            0x08001aad   Thumb Code    24  fscalb.o(.text)
    scalbnf                                  0x08001aad   Thumb Code     0  fscalb.o(.text)
    __aeabi_dadd                             0x08001ac5   Thumb Code   322  dadd.o(.text)
    __aeabi_dsub                             0x08001c07   Thumb Code     6  dadd.o(.text)
    __aeabi_drsub                            0x08001c0d   Thumb Code     6  dadd.o(.text)
    __aeabi_dmul                             0x08001c13   Thumb Code   228  dmul.o(.text)
    __aeabi_ddiv                             0x08001cf7   Thumb Code   222  ddiv.o(.text)
    __ARM_scalbn                             0x08001dd5   Thumb Code    46  dscalb.o(.text)
    scalbn                                   0x08001dd5   Thumb Code     0  dscalb.o(.text)
    __aeabi_ui2f                             0x08001e03   Thumb Code    10  ffltui.o(.text)
    __aeabi_ui2d                             0x08001e0d   Thumb Code    26  dfltui.o(.text)
    __aeabi_d2uiz                            0x08001e27   Thumb Code    50  dfixui.o(.text)
    __aeabi_f2d                              0x08001e59   Thumb Code    38  f2d.o(.text)
    __aeabi_d2f                              0x08001e7f   Thumb Code    56  d2f.o(.text)
    __aeabi_cfrcmple                         0x08001eb9   Thumb Code    20  cfrcmple.o(.text)
    __aeabi_uidiv                            0x08001ecd   Thumb Code     0  uidiv.o(.text)
    __aeabi_uidivmod                         0x08001ecd   Thumb Code    44  uidiv.o(.text)
    __aeabi_llsl                             0x08001ef9   Thumb Code    30  llshl.o(.text)
    _ll_shift_l                              0x08001ef9   Thumb Code     0  llshl.o(.text)
    __aeabi_llsr                             0x08001f17   Thumb Code    32  llushr.o(.text)
    _ll_ushift_r                             0x08001f17   Thumb Code     0  llushr.o(.text)
    __aeabi_lasr                             0x08001f37   Thumb Code    36  llsshr.o(.text)
    _ll_sshift_r                             0x08001f37   Thumb Code     0  llsshr.o(.text)
    __I$use$fp                               0x08001f5b   Thumb Code     0  iusefp.o(.text)
    _float_round                             0x08001f5b   Thumb Code    18  fepilogue.o(.text)
    _float_epilogue                          0x08001f6d   Thumb Code    92  fepilogue.o(.text)
    _double_round                            0x08001fc9   Thumb Code    30  depilogue.o(.text)
    _double_epilogue                         0x08001fe7   Thumb Code   156  depilogue.o(.text)
    _dsqrt                                   0x08002083   Thumb Code   162  dsqrt.o(.text)
    __scatterload                            0x08002125   Thumb Code    28  init.o(.text)
    __scatterload_rt2                        0x08002125   Thumb Code     0  init.o(.text)
    __aeabi_i2d                              0x08002149   Thumb Code    34  dflti.o(.text)
    __aeabi_d2iz                             0x0800216b   Thumb Code    62  dfixi.o(.text)
    __decompress                             0x080021a9   Thumb Code     0  __dczerorl2.o(.text)
    __decompress1                            0x080021a9   Thumb Code    86  __dczerorl2.o(.text)
    AUDIO_IO_DeInit                          0x080021ff   Thumb Code     2  stm32f4_discovery.o(i.AUDIO_IO_DeInit)
    AUDIO_IO_Init                            0x08002201   Thumb Code    88  stm32f4_discovery.o(i.AUDIO_IO_Init)
    AUDIO_IO_Read                            0x08002261   Thumb Code    50  stm32f4_discovery.o(i.AUDIO_IO_Read)
    AUDIO_IO_Write                           0x0800229d   Thumb Code    46  stm32f4_discovery.o(i.AUDIO_IO_Write)
    BSP_AUDIO_IN_ClockConfig                 0x080022d5   Thumb Code    46  stm32f4_discovery_audio.o(i.BSP_AUDIO_IN_ClockConfig)
    BSP_AUDIO_IN_Error_Callback              0x08002303   Thumb Code     2  stm32f4_discovery_audio.o(i.BSP_AUDIO_IN_Error_Callback)
    BSP_AUDIO_IN_HalfTransfer_CallBack       0x08002305   Thumb Code    68  waverecorder.o(i.BSP_AUDIO_IN_HalfTransfer_CallBack)
    BSP_AUDIO_IN_Init                        0x08002355   Thumb Code    56  stm32f4_discovery_audio.o(i.BSP_AUDIO_IN_Init)
    BSP_AUDIO_IN_MspInit                     0x08002395   Thumb Code   214  stm32f4_discovery_audio.o(i.BSP_AUDIO_IN_MspInit)
    BSP_AUDIO_IN_PDMToPCM                    0x08002485   Thumb Code    66  stm32f4_discovery_audio.o(i.BSP_AUDIO_IN_PDMToPCM)
    BSP_AUDIO_IN_Record                      0x080024d1   Thumb Code    16  stm32f4_discovery_audio.o(i.BSP_AUDIO_IN_Record)
    BSP_AUDIO_IN_TransferComplete_CallBack   0x080024e5   Thumb Code    68  waverecorder.o(i.BSP_AUDIO_IN_TransferComplete_CallBack)
    BSP_AUDIO_OUT_ChangeBuffer               0x08002535   Thumb Code    10  stm32f4_discovery_audio.o(i.BSP_AUDIO_OUT_ChangeBuffer)
    BSP_AUDIO_OUT_ClockConfig                0x08002545   Thumb Code    80  stm32f4_discovery_audio.o(i.BSP_AUDIO_OUT_ClockConfig)
    BSP_AUDIO_OUT_Error_CallBack             0x08002599   Thumb Code     2  waveplayer.o(i.BSP_AUDIO_OUT_Error_CallBack)
    BSP_AUDIO_OUT_HalfTransfer_CallBack      0x0800259d   Thumb Code     8  waveplayer.o(i.BSP_AUDIO_OUT_HalfTransfer_CallBack)
    BSP_AUDIO_OUT_Init                       0x080025a9   Thumb Code    94  stm32f4_discovery_audio.o(i.BSP_AUDIO_OUT_Init)
    BSP_AUDIO_OUT_MspInit                    0x08002619   Thumb Code   234  stm32f4_discovery_audio.o(i.BSP_AUDIO_OUT_MspInit)
    BSP_AUDIO_OUT_Play                       0x0800271d   Thumb Code    54  stm32f4_discovery_audio.o(i.BSP_AUDIO_OUT_Play)
    BSP_AUDIO_OUT_TransferComplete_CallBack  0x0800275d   Thumb Code    14  waveplayer.o(i.BSP_AUDIO_OUT_TransferComplete_CallBack)
    BSP_LED_Init                             0x08002775   Thumb Code    86  stm32f4_discovery.o(i.BSP_LED_Init)
    BSP_LED_Off                              0x080027d9   Thumb Code    18  stm32f4_discovery.o(i.BSP_LED_Off)
    BSP_LED_On                               0x080027f5   Thumb Code    18  stm32f4_discovery.o(i.BSP_LED_On)
    BSP_LED_Toggle                           0x08002811   Thumb Code    16  stm32f4_discovery.o(i.BSP_LED_Toggle)
    BSP_PB_Init                              0x08002829   Thumb Code   112  stm32f4_discovery.o(i.BSP_PB_Init)
    BusFault_Handler                         0x080028a9   Thumb Code     2  stm32f4xx_it.o(i.BusFault_Handler)
    DMA1_Stream3_IRQHandler                  0x080028b5   Thumb Code     8  stm32f4xx_it.o(i.DMA1_Stream3_IRQHandler)
    DMA1_Stream7_IRQHandler                  0x080028c1   Thumb Code     8  stm32f4xx_it.o(i.DMA1_Stream7_IRQHandler)
    DebugMon_Handler                         0x08002971   Thumb Code     2  stm32f4xx_it.o(i.DebugMon_Handler)
    EXTI0_IRQHandler                         0x08002973   Thumb Code     6  stm32f4xx_it.o(i.EXTI0_IRQHandler)
    EXTI1_IRQHandler                         0x08002979   Thumb Code     6  stm32f4xx_it.o(i.EXTI1_IRQHandler)
    Error_Handler                            0x0800297f   Thumb Code     8  main.o(i.Error_Handler)
    HAL_DMA_Abort_IT                         0x08002987   Thumb Code    36  stm32f4xx_hal_dma.o(i.HAL_DMA_Abort_IT)
    HAL_DMA_DeInit                           0x080029ab   Thumb Code    86  stm32f4xx_hal_dma.o(i.HAL_DMA_DeInit)
    HAL_DMA_IRQHandler                       0x08002a01   Thumb Code   414  stm32f4xx_hal_dma.o(i.HAL_DMA_IRQHandler)
    HAL_DMA_Init                             0x08002ba9   Thumb Code   206  stm32f4xx_hal_dma.o(i.HAL_DMA_Init)
    HAL_DMA_Start_IT                         0x08002c7d   Thumb Code   120  stm32f4xx_hal_dma.o(i.HAL_DMA_Start_IT)
    HAL_Delay                                0x08002cf5   Thumb Code    28  stm32f4xx_hal.o(i.HAL_Delay)
    HAL_GPIO_EXTI_Callback                   0x08002d11   Thumb Code    26  main.o(i.HAL_GPIO_EXTI_Callback)
    HAL_GPIO_EXTI_IRQHandler                 0x08002d31   Thumb Code    18  stm32f4xx_hal_gpio.o(i.HAL_GPIO_EXTI_IRQHandler)
    HAL_GPIO_Init                            0x08002d49   Thumb Code   388  stm32f4xx_hal_gpio.o(i.HAL_GPIO_Init)
    HAL_GPIO_TogglePin                       0x08002ef9   Thumb Code     8  stm32f4xx_hal_gpio.o(i.HAL_GPIO_TogglePin)
    HAL_GPIO_WritePin                        0x08002f01   Thumb Code    10  stm32f4xx_hal_gpio.o(i.HAL_GPIO_WritePin)
    HAL_GetREVID                             0x08002f0d   Thumb Code     8  stm32f4xx_hal.o(i.HAL_GetREVID)
    HAL_GetTick                              0x08002f19   Thumb Code     6  stm32f4xx_hal.o(i.HAL_GetTick)
    HAL_I2C_DeInit                           0x08002f25   Thumb Code    50  stm32f4xx_hal_i2c.o(i.HAL_I2C_DeInit)
    HAL_I2C_GetState                         0x08002f57   Thumb Code     6  stm32f4xx_hal_i2c.o(i.HAL_I2C_GetState)
    HAL_I2C_Init                             0x08002f5d   Thumb Code   254  stm32f4xx_hal_i2c.o(i.HAL_I2C_Init)
    HAL_I2C_Mem_Read                         0x08003065   Thumb Code   496  stm32f4xx_hal_i2c.o(i.HAL_I2C_Mem_Read)
    HAL_I2C_Mem_Write                        0x08003261   Thumb Code   306  stm32f4xx_hal_i2c.o(i.HAL_I2C_Mem_Write)
    HAL_I2C_MspDeInit                        0x0800339d   Thumb Code     2  stm32f4xx_hal_i2c.o(i.HAL_I2C_MspDeInit)
    HAL_I2C_MspInit                          0x0800339f   Thumb Code     2  stm32f4xx_hal_i2c.o(i.HAL_I2C_MspInit)
    HAL_I2SEx_FullDuplex_IRQHandler          0x080033a1   Thumb Code   476  stm32f4xx_hal_i2s_ex.o(i.HAL_I2SEx_FullDuplex_IRQHandler)
    HAL_I2SEx_TxRxCpltCallback               0x08003585   Thumb Code     2  stm32f4xx_hal_i2s_ex.o(i.HAL_I2SEx_TxRxCpltCallback)
    HAL_I2S_ErrorCallback                    0x08003589   Thumb Code    30  stm32f4_discovery_audio.o(i.HAL_I2S_ErrorCallback)
    HAL_I2S_GetState                         0x080035b1   Thumb Code     6  stm32f4xx_hal_i2s.o(i.HAL_I2S_GetState)
    HAL_I2S_Init                             0x080035b9   Thumb Code   366  stm32f4xx_hal_i2s.o(i.HAL_I2S_Init)
    HAL_I2S_MspInit                          0x08003739   Thumb Code     2  stm32f4xx_hal_i2s.o(i.HAL_I2S_MspInit)
    HAL_I2S_Receive_DMA                      0x0800373d   Thumb Code   180  stm32f4xx_hal_i2s.o(i.HAL_I2S_Receive_DMA)
    HAL_I2S_RxCpltCallback                   0x080037fd   Thumb Code     8  stm32f4_discovery_audio.o(i.HAL_I2S_RxCpltCallback)
    HAL_I2S_RxHalfCpltCallback               0x08003805   Thumb Code     8  stm32f4_discovery_audio.o(i.HAL_I2S_RxHalfCpltCallback)
    HAL_I2S_Transmit_DMA                     0x0800380d   Thumb Code   156  stm32f4xx_hal_i2s.o(i.HAL_I2S_Transmit_DMA)
    HAL_I2S_TxCpltCallback                   0x080038b5   Thumb Code    16  stm32f4_discovery_audio.o(i.HAL_I2S_TxCpltCallback)
    HAL_I2S_TxHalfCpltCallback               0x080038c9   Thumb Code    16  stm32f4_discovery_audio.o(i.HAL_I2S_TxHalfCpltCallback)
    HAL_IncTick                              0x080038dd   Thumb Code    10  stm32f4xx_hal.o(i.HAL_IncTick)
    HAL_Init                                 0x080038ed   Thumb Code    40  stm32f4xx_hal.o(i.HAL_Init)
    HAL_InitTick                             0x08003919   Thumb Code    34  stm32f4xx_hal.o(i.HAL_InitTick)
    HAL_MspInit                              0x08003941   Thumb Code     2  stm32f4xx_hal.o(i.HAL_MspInit)
    HAL_NVIC_EnableIRQ                       0x08003943   Thumb Code    22  stm32f4xx_hal_cortex.o(i.HAL_NVIC_EnableIRQ)
    HAL_NVIC_SetPriority                     0x08003959   Thumb Code    60  stm32f4xx_hal_cortex.o(i.HAL_NVIC_SetPriority)
    HAL_NVIC_SetPriorityGrouping             0x08003999   Thumb Code    26  stm32f4xx_hal_cortex.o(i.HAL_NVIC_SetPriorityGrouping)
    HAL_RCCEx_GetPeriphCLKConfig             0x080039bd   Thumb Code    74  stm32f4xx_hal_rcc_ex.o(i.HAL_RCCEx_GetPeriphCLKConfig)
    HAL_RCCEx_GetPeriphCLKFreq               0x08003a0d   Thumb Code    76  stm32f4xx_hal_rcc_ex.o(i.HAL_RCCEx_GetPeriphCLKFreq)
    HAL_RCCEx_PeriphCLKConfig                0x08003a69   Thumb Code   320  stm32f4xx_hal_rcc_ex.o(i.HAL_RCCEx_PeriphCLKConfig)
    HAL_RCC_ClockConfig                      0x08003bbd   Thumb Code   364  stm32f4xx_hal_rcc.o(i.HAL_RCC_ClockConfig)
    HAL_RCC_GetPCLK1Freq                     0x08003d39   Thumb Code    34  stm32f4xx_hal_rcc.o(i.HAL_RCC_GetPCLK1Freq)
    HAL_RCC_GetPCLK2Freq                     0x08003d69   Thumb Code    34  stm32f4xx_hal_rcc.o(i.HAL_RCC_GetPCLK2Freq)
    HAL_RCC_GetSysClockFreq                  0x08003d99   Thumb Code   104  stm32f4xx_hal_rcc.o(i.HAL_RCC_GetSysClockFreq)
    HAL_RCC_OscConfig                        0x08003e09   Thumb Code   770  stm32f4xx_hal_rcc.o(i.HAL_RCC_OscConfig)
    HAL_SYSTICK_Config                       0x0800411d   Thumb Code    40  stm32f4xx_hal_cortex.o(i.HAL_SYSTICK_Config)
    HAL_TIMEx_BreakCallback                  0x08004145   Thumb Code     2  stm32f4xx_hal_tim_ex.o(i.HAL_TIMEx_BreakCallback)
    HAL_TIMEx_CommutationCallback            0x08004147   Thumb Code     2  stm32f4xx_hal_tim_ex.o(i.HAL_TIMEx_CommutationCallback)
    HAL_TIM_IC_CaptureCallback               0x08004149   Thumb Code     2  stm32f4xx_hal_tim.o(i.HAL_TIM_IC_CaptureCallback)
    HAL_TIM_IRQHandler                       0x0800414b   Thumb Code   358  stm32f4xx_hal_tim.o(i.HAL_TIM_IRQHandler)
    HAL_TIM_OC_ConfigChannel                 0x080042b1   Thumb Code    86  stm32f4xx_hal_tim.o(i.HAL_TIM_OC_ConfigChannel)
    HAL_TIM_OC_DelayElapsedCallback          0x08004309   Thumb Code   140  main.o(i.HAL_TIM_OC_DelayElapsedCallback)
    HAL_TIM_OC_Init                          0x0800439d   Thumb Code    54  stm32f4xx_hal_tim.o(i.HAL_TIM_OC_Init)
    HAL_TIM_OC_MspInit                       0x080043d3   Thumb Code     2  stm32f4xx_hal_tim.o(i.HAL_TIM_OC_MspInit)
    HAL_TIM_OC_Start_IT                      0x080043d5   Thumb Code    98  stm32f4xx_hal_tim.o(i.HAL_TIM_OC_Start_IT)
    HAL_TIM_PWM_PulseFinishedCallback        0x08004441   Thumb Code     2  stm32f4xx_hal_tim.o(i.HAL_TIM_PWM_PulseFinishedCallback)
    HAL_TIM_PeriodElapsedCallback            0x08004443   Thumb Code     2  stm32f4xx_hal_tim.o(i.HAL_TIM_PeriodElapsedCallback)
    HAL_TIM_ReadCapturedValue                0x08004445   Thumb Code    68  stm32f4xx_hal_tim.o(i.HAL_TIM_ReadCapturedValue)
    HAL_TIM_TriggerCallback                  0x08004489   Thumb Code     2  stm32f4xx_hal_tim.o(i.HAL_TIM_TriggerCallback)
    HAL_UART_ErrorCallback                   0x0800448b   Thumb Code     2  stm32f4xx_hal_uart.o(i.HAL_UART_ErrorCallback)
    HAL_UART_IRQHandler                      0x0800448d   Thumb Code   266  stm32f4xx_hal_uart.o(i.HAL_UART_IRQHandler)
    HAL_UART_Init                            0x0800459d   Thumb Code    98  stm32f4xx_hal_uart.o(i.HAL_UART_Init)
    HAL_UART_MspInit                         0x08004601   Thumb Code   120  stm32f4xx_hal_msp.o(i.HAL_UART_MspInit)
    HAL_UART_RxCpltCallback                  0x08004681   Thumb Code     2  stm32f4xx_hal_uart.o(i.HAL_UART_RxCpltCallback)
    HAL_UART_TxCpltCallback                  0x08004683   Thumb Code     2  stm32f4xx_hal_uart.o(i.HAL_UART_TxCpltCallback)
    HardFault_Handler                        0x08004685   Thumb Code     2  stm32f4xx_it.o(i.HardFault_Handler)
    MemManage_Handler                        0x08004e0d   Thumb Code     2  stm32f4xx_it.o(i.MemManage_Handler)
    NMI_Handler                              0x08004e0f   Thumb Code     2  stm32f4xx_it.o(i.NMI_Handler)
    PendSV_Handler                           0x08004e91   Thumb Code     2  stm32f4xx_it.o(i.PendSV_Handler)
    SVC_Handler                              0x08004e93   Thumb Code     2  stm32f4xx_it.o(i.SVC_Handler)
    SysTick_Handler                          0x08004e95   Thumb Code    28  stm32f4xx_it.o(i.SysTick_Handler)
    SystemInit                               0x08004f51   Thumb Code    66  system_stm32f4xx.o(i.SystemInit)
    TIM4_IRQHandler                          0x08004fa5   Thumb Code     6  stm32f4xx_it.o(i.TIM4_IRQHandler)
    TIM_Base_SetConfig                       0x08004fb1   Thumb Code   148  stm32f4xx_hal_tim.o(i.TIM_Base_SetConfig)
    TIM_CCxChannelCmd                        0x08005071   Thumb Code    22  stm32f4xx_hal_tim.o(i.TIM_CCxChannelCmd)
    TIM_OC2_SetConfig                        0x08005181   Thumb Code    90  stm32f4xx_hal_tim.o(i.TIM_OC2_SetConfig)
    USART2_IRQHandler                        0x0800565d   Thumb Code     6  stm32f4xx_it.o(i.USART2_IRQHandler)
    UsageFault_Handler                       0x08005669   Thumb Code     2  stm32f4xx_it.o(i.UsageFault_Handler)
    WavePlayBack                             0x0800566d   Thumb Code    30  waveplayer.o(i.WavePlayBack)
    WavePlayerInit                           0x08005695   Thumb Code    12  waveplayer.o(i.WavePlayerInit)
    WaveRecorderProcess                      0x080056a5   Thumb Code    34  waverecorder.o(i.WaveRecorderProcess)
    __0printf$1                              0x080056d1   Thumb Code    22  printf1.o(i.__0printf$1)
    __1printf$1                              0x080056d1   Thumb Code     0  printf1.o(i.__0printf$1)
    __2printf                                0x080056d1   Thumb Code     0  printf1.o(i.__0printf$1)
    __ARM_fpclassify                         0x080056f1   Thumb Code    48  fpclassify.o(i.__ARM_fpclassify)
    __hardfp_cos                             0x08005721   Thumb Code   180  cos.o(i.__hardfp_cos)
    __ieee754_rem_pio2                       0x080057e9   Thumb Code   938  rred.o(i.__ieee754_rem_pio2)
    __kernel_cos                             0x08005c21   Thumb Code   322  cos_i.o(i.__kernel_cos)
    __kernel_poly                            0x08005d91   Thumb Code   248  poly.o(i.__kernel_poly)
    __kernel_sin                             0x08005e89   Thumb Code   280  sin_i.o(i.__kernel_sin)
    __mathlib_dbl_infnan                     0x08005fb9   Thumb Code    20  dunder.o(i.__mathlib_dbl_infnan)
    __mathlib_dbl_invalid                    0x08005fd1   Thumb Code    24  dunder.o(i.__mathlib_dbl_invalid)
    __mathlib_dbl_underflow                  0x08005ff1   Thumb Code    24  dunder.o(i.__mathlib_dbl_underflow)
    __scatterload_copy                       0x08006011   Thumb Code    14  handlers.o(i.__scatterload_copy)
    __scatterload_null                       0x0800601f   Thumb Code     2  handlers.o(i.__scatterload_null)
    __scatterload_zeroinit                   0x08006021   Thumb Code    14  handlers.o(i.__scatterload_zeroinit)
    __set_errno                              0x08006031   Thumb Code     6  errno.o(i.__set_errno)
    convolve                                 0x08006191   Thumb Code    82  main.o(i.convolve)
    cos                                      0x080061e3   Thumb Code    16  cos.o(i.cos)
    cs43l22_DeInit                           0x080061f3   Thumb Code     4  cs43l22.o(i.cs43l22_DeInit)
    cs43l22_Init                             0x080061f9   Thumb Code   220  cs43l22.o(i.cs43l22_Init)
    cs43l22_Pause                            0x080062d9   Thumb Code    26  cs43l22.o(i.cs43l22_Pause)
    cs43l22_Play                             0x080062f5   Thumb Code    54  cs43l22.o(i.cs43l22_Play)
    cs43l22_ReadID                           0x08006331   Thumb Code    22  cs43l22.o(i.cs43l22_ReadID)
    cs43l22_Reset                            0x08006347   Thumb Code     4  cs43l22.o(i.cs43l22_Reset)
    cs43l22_Resume                           0x0800634d   Thumb Code    56  cs43l22.o(i.cs43l22_Resume)
    cs43l22_SetFrequency                     0x08006389   Thumb Code     4  cs43l22.o(i.cs43l22_SetFrequency)
    cs43l22_SetMute                          0x0800638d   Thumb Code    78  cs43l22.o(i.cs43l22_SetMute)
    cs43l22_SetOutputMode                    0x080063e1   Thumb Code    76  cs43l22.o(i.cs43l22_SetOutputMode)
    cs43l22_SetVolume                        0x08006431   Thumb Code    60  cs43l22.o(i.cs43l22_SetVolume)
    cs43l22_Stop                             0x0800646d   Thumb Code    44  cs43l22.o(i.cs43l22_Stop)
    fabs                                     0x0800649d   Thumb Code    24  fabs.o(i.fabs)
    fputc                                    0x080064b5   Thumb Code    36  fprint_debug.o(i.fputc)
    main                                     0x080064dd   Thumb Code   730  main.o(i.main)
    printNs                                  0x08006805   Thumb Code    82  main.o(i.printNs)
    sqrt                                     0x08006865   Thumb Code   110  sqrt.o(i.sqrt)
    update                                   0x080068d5   Thumb Code   126  main.o(i.update)
    vecSub                                   0x08006955   Thumb Code    36  main.o(i.vecSub)
    AHBPrescTable                            0x08006978   Data          16  system_stm32f4xx.o(.constdata)
    APBPrescTable                            0x08006988   Data           8  system_stm32f4xx.o(.constdata)
    BUTTON_IRQn                              0x08006998   Data           1  stm32f4_discovery.o(.constdata)
    BUTTON_PIN                               0x0800699a   Data           2  stm32f4_discovery.o(.constdata)
    GPIO_PIN                                 0x0800699c   Data           8  stm32f4_discovery.o(.constdata)
    I2SFreq                                  0x080069a4   Data          32  stm32f4_discovery_audio.o(.constdata)
    I2SPLLN                                  0x080069c4   Data          32  stm32f4_discovery_audio.o(.constdata)
    I2SPLLR                                  0x080069e4   Data          32  stm32f4_discovery_audio.o(.constdata)
    Region$$Table$$Base                      0x08006b28   Number         0  anon$$obj.o(Region$$Table)
    Region$$Table$$Limit                     0x08006b48   Number         0  anon$$obj.o(Region$$Table)
    SystemCoreClock                          0x20000000   Data           4  system_stm32f4xx.o(.data)
    cs43l22_drv                              0x20000004   Data          48  cs43l22.o(.data)
    OutputDev                                0x20000035   Data           1  cs43l22.o(.data)
    uwTick                                   0x20000038   Data           4  stm32f4xx_hal.o(.data)
    BUTTON_PORT                              0x2000003c   Data           4  stm32f4_discovery.o(.data)
    I2cxTimeout                              0x20000040   Data           4  stm32f4_discovery.o(.data)
    SpixTimeout                              0x20000044   Data           4  stm32f4_discovery.o(.data)
    GPIO_PORT                                0x20000048   Data          16  stm32f4_discovery.o(.data)
    AudioInVolume                            0x20000058   Data           2  stm32f4_discovery_audio.o(.data)
    ITCounter                                0x20000060   Data           4  waverecorder.o(.data)
    AUDIODataReady                           0x20000064   Data           4  waverecorder.o(.data)
    AUDIOBuffOffset                          0x20000068   Data           4  waverecorder.o(.data)
    TimeRecBase                              0x2000006c   Data           4  stm32f4xx_it.o(.data)
    buffer_offset                            0x20000070   Data           1  waveplayer.o(.data)
    LEDsState                                0x20000074   Data           4  waveplayer.o(.data)
    CCR1Val                                  0x20000078   Data           2  main.o(.data)
    getRand                                  0x2000007c   Data           4  main.o(.data)
    CmdIndex                                 0x20000080   Data           4  main.o(.data)
    u                                        0x20000084   Data           4  main.o(.data)
    leaky                                    0x20000088   Data           4  main.o(.data)
    __stdout                                 0x2000008c   Data           4  fprint_debug.o(.data)
    stm32_crc                                0x20000090   Data           4  pdm_filter.o(.data)
    T0                                       0x20000094   Data         256  pdm_filter.o(.data)
    T1                                       0x20000194   Data         256  pdm_filter.o(.data)
    T2                                       0x20000294   Data         256  pdm_filter.o(.data)
    hAudioOutI2s                             0x20000508   Data          72  stm32f4_discovery_audio.o(.bss)
    hAudioInI2s                              0x20000550   Data          72  stm32f4_discovery_audio.o(.bss)
    Filter                                   0x20000598   Data          52  stm32f4_discovery_audio.o(.bss)
    WrBuffer                                 0x200005cc   Data         512  waverecorder.o(.bss)
    Audio_Buffer                             0x2000086c   Data         512  waveplayer.o(.bss)
    fullBuff                                 0x20000a6c   Data         512  main.o(.bss)
    xz                                       0x20000c6c   Data         512  main.o(.bss)
    yz                                       0x20000e6c   Data         512  main.o(.bss)
    hTimLed                                  0x2000106c   Data          60  main.o(.bss)
    sConfigLed                               0x200010a8   Data          28  main.o(.bss)
    outBuff                                  0x200010c4   Data         256  main.o(.bss)
    randBuff                                 0x200011c4   Data         256  main.o(.bss)
    cz                                       0x200012c4   Data         256  main.o(.bss)
    czt                                      0x200013c4   Data         256  main.o(.bss)
    wz                                       0x200014c4   Data         256  main.o(.bss)
    rz                                       0x200015c4   Data         256  main.o(.bss)
    ezp                                      0x200016c4   Data         256  main.o(.bss)
    UartHandle                               0x200017c4   Data          64  main.o(.bss)
    __initial_sp                             0x20003808   Data           0  startup_stm32f407xx.o(STACK)



==============================================================================

Memory Map of the image

  Image Entry point : 0x08000189

  Load Region LR_IROM1 (Base: 0x08000000, Size: 0x00006ee4, Max: 0x00100000, ABSOLUTE, COMPRESSED[0x00006da0])

    Execution Region ER_IROM1 (Base: 0x08000000, Size: 0x00006b48, Max: 0x00100000, ABSOLUTE)

    Base Addr    Size         Type   Attr      Idx    E Section Name        Object

    0x08000000   0x00000188   Data   RO            3    RESET               startup_stm32f407xx.o
    0x08000188   0x00000000   Code   RO         4248  * .ARM.Collect$$$$00000000  mc_w.l(entry.o)
    0x08000188   0x00000004   Code   RO         4571    .ARM.Collect$$$$00000001  mc_w.l(entry2.o)
    0x0800018c   0x00000004   Code   RO         4574    .ARM.Collect$$$$00000004  mc_w.l(entry5.o)
    0x08000190   0x00000000   Code   RO         4576    .ARM.Collect$$$$00000008  mc_w.l(entry7b.o)
    0x08000190   0x00000000   Code   RO         4578    .ARM.Collect$$$$0000000A  mc_w.l(entry8b.o)
    0x08000190   0x00000008   Code   RO         4579    .ARM.Collect$$$$0000000B  mc_w.l(entry9a.o)
    0x08000198   0x00000000   Code   RO         4581    .ARM.Collect$$$$0000000D  mc_w.l(entry10a.o)
    0x08000198   0x00000000   Code   RO         4583    .ARM.Collect$$$$0000000F  mc_w.l(entry11a.o)
    0x08000198   0x00000004   Code   RO         4572    .ARM.Collect$$$$00002712  mc_w.l(entry2.o)
    0x0800019c   0x00000024   Code   RO            4    .text               startup_stm32f407xx.o
    0x080001c0   0x00001840   Code   RO         4221    .text               libPDMFilter_CM4_keil.lib(pdm_filter.o)
    0x08001a00   0x00000024   Code   RO         4251    .text               mc_w.l(rand.o)
    0x08001a24   0x00000024   Code   RO         4254    .text               mc_w.l(memcpya.o)
    0x08001a48   0x00000064   Code   RO         4519    .text               mf_w.l(fmul.o)
    0x08001aac   0x00000018   Code   RO         4521    .text               mf_w.l(fscalb.o)
    0x08001ac4   0x0000014e   Code   RO         4523    .text               mf_w.l(dadd.o)
    0x08001c12   0x000000e4   Code   RO         4525    .text               mf_w.l(dmul.o)
    0x08001cf6   0x000000de   Code   RO         4527    .text               mf_w.l(ddiv.o)
    0x08001dd4   0x0000002e   Code   RO         4529    .text               mf_w.l(dscalb.o)
    0x08001e02   0x0000000a   Code   RO         4531    .text               mf_w.l(ffltui.o)
    0x08001e0c   0x0000001a   Code   RO         4533    .text               mf_w.l(dfltui.o)
    0x08001e26   0x00000032   Code   RO         4535    .text               mf_w.l(dfixui.o)
    0x08001e58   0x00000026   Code   RO         4537    .text               mf_w.l(f2d.o)
    0x08001e7e   0x00000038   Code   RO         4539    .text               mf_w.l(d2f.o)
    0x08001eb6   0x00000002   PAD
    0x08001eb8   0x00000014   Code   RO         4541    .text               mf_w.l(cfrcmple.o)
    0x08001ecc   0x0000002c   Code   RO         4585    .text               mc_w.l(uidiv.o)
    0x08001ef8   0x0000001e   Code   RO         4589    .text               mc_w.l(llshl.o)
    0x08001f16   0x00000020   Code   RO         4591    .text               mc_w.l(llushr.o)
    0x08001f36   0x00000024   Code   RO         4593    .text               mc_w.l(llsshr.o)
    0x08001f5a   0x00000000   Code   RO         4602    .text               mc_w.l(iusefp.o)
    0x08001f5a   0x0000006e   Code   RO         4603    .text               mf_w.l(fepilogue.o)
    0x08001fc8   0x000000ba   Code   RO         4605    .text               mf_w.l(depilogue.o)
    0x08002082   0x000000a2   Code   RO         4609    .text               mf_w.l(dsqrt.o)
    0x08002124   0x00000024   Code   RO         4627    .text               mc_w.l(init.o)
    0x08002148   0x00000022   Code   RO         4629    .text               mf_w.l(dflti.o)
    0x0800216a   0x0000003e   Code   RO         4631    .text               mf_w.l(dfixi.o)
    0x080021a8   0x00000056   Code   RO         4641    .text               mc_w.l(__dczerorl2.o)
    0x080021fe   0x00000002   Code   RO         3447    i.AUDIO_IO_DeInit   stm32f4_discovery.o
    0x08002200   0x00000060   Code   RO         3448    i.AUDIO_IO_Init     stm32f4_discovery.o
    0x08002260   0x0000003c   Code   RO         3449    i.AUDIO_IO_Read     stm32f4_discovery.o
    0x0800229c   0x00000038   Code   RO         3450    i.AUDIO_IO_Write    stm32f4_discovery.o
    0x080022d4   0x0000002e   Code   RO         3584    i.BSP_AUDIO_IN_ClockConfig  stm32f4_discovery_audio.o
    0x08002302   0x00000002   Code   RO         3585    i.BSP_AUDIO_IN_Error_Callback  stm32f4_discovery_audio.o
    0x08002304   0x00000050   Code   RO         3839    i.BSP_AUDIO_IN_HalfTransfer_CallBack  waverecorder.o
    0x08002354   0x00000040   Code   RO         3587    i.BSP_AUDIO_IN_Init  stm32f4_discovery_audio.o
    0x08002394   0x000000f0   Code   RO         3589    i.BSP_AUDIO_IN_MspInit  stm32f4_discovery_audio.o
    0x08002484   0x0000004c   Code   RO         3590    i.BSP_AUDIO_IN_PDMToPCM  stm32f4_discovery_audio.o
    0x080024d0   0x00000014   Code   RO         3592    i.BSP_AUDIO_IN_Record  stm32f4_discovery_audio.o
    0x080024e4   0x00000050   Code   RO         3840    i.BSP_AUDIO_IN_TransferComplete_CallBack  waverecorder.o
    0x08002534   0x00000010   Code   RO         3597    i.BSP_AUDIO_OUT_ChangeBuffer  stm32f4_discovery_audio.o
    0x08002544   0x00000054   Code   RO         3598    i.BSP_AUDIO_OUT_ClockConfig  stm32f4_discovery_audio.o
    0x08002598   0x00000002   Code   RO         4017    i.BSP_AUDIO_OUT_Error_CallBack  waveplayer.o
    0x0800259a   0x00000002   PAD
    0x0800259c   0x0000000c   Code   RO         4018    i.BSP_AUDIO_OUT_HalfTransfer_CallBack  waveplayer.o
    0x080025a8   0x00000070   Code   RO         3601    i.BSP_AUDIO_OUT_Init  stm32f4_discovery_audio.o
    0x08002618   0x00000104   Code   RO         3603    i.BSP_AUDIO_OUT_MspInit  stm32f4_discovery_audio.o
    0x0800271c   0x00000040   Code   RO         3605    i.BSP_AUDIO_OUT_Play  stm32f4_discovery_audio.o
    0x0800275c   0x00000018   Code   RO         4019    i.BSP_AUDIO_OUT_TransferComplete_CallBack  waveplayer.o
    0x08002774   0x00000064   Code   RO         3452    i.BSP_LED_Init      stm32f4_discovery.o
    0x080027d8   0x0000001c   Code   RO         3453    i.BSP_LED_Off       stm32f4_discovery.o
    0x080027f4   0x0000001c   Code   RO         3454    i.BSP_LED_On        stm32f4_discovery.o
    0x08002810   0x00000018   Code   RO         3455    i.BSP_LED_Toggle    stm32f4_discovery.o
    0x08002828   0x00000080   Code   RO         3457    i.BSP_PB_Init       stm32f4_discovery.o
    0x080028a8   0x00000002   Code   RO         3905    i.BusFault_Handler  stm32f4xx_it.o
    0x080028aa   0x0000000a   Code   RO          150    i.CODEC_IO_Write    cs43l22.o
    0x080028b4   0x0000000c   Code   RO         3906    i.DMA1_Stream3_IRQHandler  stm32f4xx_it.o
    0x080028c0   0x0000000c   Code   RO         3907    i.DMA1_Stream7_IRQHandler  stm32f4xx_it.o
    0x080028cc   0x00000028   Code   RO         2076    i.DMA_CalcBaseAndBitshift  stm32f4xx_hal_dma.o
    0x080028f4   0x00000054   Code   RO         2077    i.DMA_CheckFifoParam  stm32f4xx_hal_dma.o
    0x08002948   0x00000028   Code   RO         2078    i.DMA_SetConfig     stm32f4xx_hal_dma.o
    0x08002970   0x00000002   Code   RO         3908    i.DebugMon_Handler  stm32f4xx_it.o
    0x08002972   0x00000006   Code   RO         3909    i.EXTI0_IRQHandler  stm32f4xx_it.o
    0x08002978   0x00000006   Code   RO         3910    i.EXTI1_IRQHandler  stm32f4xx_it.o
    0x0800297e   0x00000008   Code   RO         4075    i.Error_Handler     main.o
    0x08002986   0x00000024   Code   RO         2080    i.HAL_DMA_Abort_IT  stm32f4xx_hal_dma.o
    0x080029aa   0x00000056   Code   RO         2081    i.HAL_DMA_DeInit    stm32f4xx_hal_dma.o
    0x08002a00   0x000001a8   Code   RO         2084    i.HAL_DMA_IRQHandler  stm32f4xx_hal_dma.o
    0x08002ba8   0x000000d4   Code   RO         2085    i.HAL_DMA_Init      stm32f4xx_hal_dma.o
    0x08002c7c   0x00000078   Code   RO         2089    i.HAL_DMA_Start_IT  stm32f4xx_hal_dma.o
    0x08002cf4   0x0000001c   Code   RO         2309    i.HAL_Delay         stm32f4xx_hal.o
    0x08002d10   0x00000020   Code   RO         4076    i.HAL_GPIO_EXTI_Callback  main.o
    0x08002d30   0x00000018   Code   RO          947    i.HAL_GPIO_EXTI_IRQHandler  stm32f4xx_hal_gpio.o
    0x08002d48   0x000001b0   Code   RO          948    i.HAL_GPIO_Init     stm32f4xx_hal_gpio.o
    0x08002ef8   0x00000008   Code   RO          951    i.HAL_GPIO_TogglePin  stm32f4xx_hal_gpio.o
    0x08002f00   0x0000000a   Code   RO          952    i.HAL_GPIO_WritePin  stm32f4xx_hal_gpio.o
    0x08002f0a   0x00000002   PAD
    0x08002f0c   0x0000000c   Code   RO         2314    i.HAL_GetREVID      stm32f4xx_hal.o
    0x08002f18   0x0000000c   Code   RO         2315    i.HAL_GetTick       stm32f4xx_hal.o
    0x08002f24   0x00000032   Code   RO          248    i.HAL_I2C_DeInit    stm32f4xx_hal_i2c.o
    0x08002f56   0x00000006   Code   RO          256    i.HAL_I2C_GetState  stm32f4xx_hal_i2c.o
    0x08002f5c   0x00000108   Code   RO          257    i.HAL_I2C_Init      stm32f4xx_hal_i2c.o
    0x08003064   0x000001fc   Code   RO          273    i.HAL_I2C_Mem_Read  stm32f4xx_hal_i2c.o
    0x08003260   0x0000013c   Code   RO          276    i.HAL_I2C_Mem_Write  stm32f4xx_hal_i2c.o
    0x0800339c   0x00000002   Code   RO          279    i.HAL_I2C_MspDeInit  stm32f4xx_hal_i2c.o
    0x0800339e   0x00000002   Code   RO          280    i.HAL_I2C_MspInit   stm32f4xx_hal_i2c.o
    0x080033a0   0x000001e4   Code   RO         2587    i.HAL_I2SEx_FullDuplex_IRQHandler  stm32f4xx_hal_i2s_ex.o
    0x08003584   0x00000002   Code   RO         2591    i.HAL_I2SEx_TxRxCpltCallback  stm32f4xx_hal_i2s_ex.o
    0x08003586   0x00000002   PAD
    0x08003588   0x00000028   Code   RO         3613    i.HAL_I2S_ErrorCallback  stm32f4_discovery_audio.o
    0x080035b0   0x00000006   Code   RO          772    i.HAL_I2S_GetState  stm32f4xx_hal_i2s.o
    0x080035b6   0x00000002   PAD
    0x080035b8   0x00000180   Code   RO          774    i.HAL_I2S_Init      stm32f4xx_hal_i2s.o
    0x08003738   0x00000002   Code   RO          776    i.HAL_I2S_MspInit   stm32f4xx_hal_i2s.o
    0x0800373a   0x00000002   PAD
    0x0800373c   0x000000c0   Code   RO          778    i.HAL_I2S_Receive_DMA  stm32f4xx_hal_i2s.o
    0x080037fc   0x00000008   Code   RO         3614    i.HAL_I2S_RxCpltCallback  stm32f4_discovery_audio.o
    0x08003804   0x00000008   Code   RO         3615    i.HAL_I2S_RxHalfCpltCallback  stm32f4_discovery_audio.o
    0x0800380c   0x000000a8   Code   RO          783    i.HAL_I2S_Transmit_DMA  stm32f4xx_hal_i2s.o
    0x080038b4   0x00000014   Code   RO         3616    i.HAL_I2S_TxCpltCallback  stm32f4_discovery_audio.o
    0x080038c8   0x00000014   Code   RO         3617    i.HAL_I2S_TxHalfCpltCallback  stm32f4_discovery_audio.o
    0x080038dc   0x00000010   Code   RO         2317    i.HAL_IncTick       stm32f4xx_hal.o
    0x080038ec   0x0000002c   Code   RO         2318    i.HAL_Init          stm32f4xx_hal.o
    0x08003918   0x00000028   Code   RO         2319    i.HAL_InitTick      stm32f4xx_hal.o
    0x08003940   0x00000002   Code   RO         2321    i.HAL_MspInit       stm32f4xx_hal.o
    0x08003942   0x00000016   Code   RO         1707    i.HAL_NVIC_EnableIRQ  stm32f4xx_hal_cortex.o
    0x08003958   0x00000040   Code   RO         1713    i.HAL_NVIC_SetPriority  stm32f4xx_hal_cortex.o
    0x08003998   0x00000024   Code   RO         1714    i.HAL_NVIC_SetPriorityGrouping  stm32f4xx_hal_cortex.o
    0x080039bc   0x00000050   Code   RO         1011    i.HAL_RCCEx_GetPeriphCLKConfig  stm32f4xx_hal_rcc_ex.o
    0x08003a0c   0x0000005c   Code   RO         1012    i.HAL_RCCEx_GetPeriphCLKFreq  stm32f4xx_hal_rcc_ex.o
    0x08003a68   0x00000154   Code   RO         1013    i.HAL_RCCEx_PeriphCLKConfig  stm32f4xx_hal_rcc_ex.o
    0x08003bbc   0x0000017c   Code   RO         2998    i.HAL_RCC_ClockConfig  stm32f4xx_hal_rcc.o
    0x08003d38   0x00000030   Code   RO         3005    i.HAL_RCC_GetPCLK1Freq  stm32f4xx_hal_rcc.o
    0x08003d68   0x00000030   Code   RO         3006    i.HAL_RCC_GetPCLK2Freq  stm32f4xx_hal_rcc.o
    0x08003d98   0x00000070   Code   RO         3007    i.HAL_RCC_GetSysClockFreq  stm32f4xx_hal_rcc.o
    0x08003e08   0x00000314   Code   RO         3010    i.HAL_RCC_OscConfig  stm32f4xx_hal_rcc.o
    0x0800411c   0x00000028   Code   RO         1718    i.HAL_SYSTICK_Config  stm32f4xx_hal_cortex.o
    0x08004144   0x00000002   Code   RO         1837    i.HAL_TIMEx_BreakCallback  stm32f4xx_hal_tim_ex.o
    0x08004146   0x00000002   Code   RO         1838    i.HAL_TIMEx_CommutationCallback  stm32f4xx_hal_tim_ex.o
    0x08004148   0x00000002   Code   RO         1084    i.HAL_TIM_IC_CaptureCallback  stm32f4xx_hal_tim.o
    0x0800414a   0x00000166   Code   RO         1097    i.HAL_TIM_IRQHandler  stm32f4xx_hal_tim.o
    0x080042b0   0x00000056   Code   RO         1098    i.HAL_TIM_OC_ConfigChannel  stm32f4xx_hal_tim.o
    0x08004306   0x00000002   PAD
    0x08004308   0x00000094   Code   RO         4077    i.HAL_TIM_OC_DelayElapsedCallback  main.o
    0x0800439c   0x00000036   Code   RO         1102    i.HAL_TIM_OC_Init   stm32f4xx_hal_tim.o
    0x080043d2   0x00000002   Code   RO         1104    i.HAL_TIM_OC_MspInit  stm32f4xx_hal_tim.o
    0x080043d4   0x0000006c   Code   RO         1107    i.HAL_TIM_OC_Start_IT  stm32f4xx_hal_tim.o
    0x08004440   0x00000002   Code   RO         1127    i.HAL_TIM_PWM_PulseFinishedCallback  stm32f4xx_hal_tim.o
    0x08004442   0x00000002   Code   RO         1134    i.HAL_TIM_PeriodElapsedCallback  stm32f4xx_hal_tim.o
    0x08004444   0x00000044   Code   RO         1135    i.HAL_TIM_ReadCapturedValue  stm32f4xx_hal_tim.o
    0x08004488   0x00000002   Code   RO         1138    i.HAL_TIM_TriggerCallback  stm32f4xx_hal_tim.o
    0x0800448a   0x00000002   Code   RO         3138    i.HAL_UART_ErrorCallback  stm32f4xx_hal_uart.o
    0x0800448c   0x00000110   Code   RO         3141    i.HAL_UART_IRQHandler  stm32f4xx_hal_uart.o
    0x0800459c   0x00000062   Code   RO         3142    i.HAL_UART_Init     stm32f4xx_hal_uart.o
    0x080045fe   0x00000002   PAD
    0x08004600   0x00000080   Code   RO         4160    i.HAL_UART_MspInit  stm32f4xx_hal_msp.o
    0x08004680   0x00000002   Code   RO         3148    i.HAL_UART_RxCpltCallback  stm32f4xx_hal_uart.o
    0x08004682   0x00000002   Code   RO         3153    i.HAL_UART_TxCpltCallback  stm32f4xx_hal_uart.o
    0x08004684   0x00000002   Code   RO         3911    i.HardFault_Handler  stm32f4xx_it.o
    0x08004686   0x00000028   Code   RO          295    i.I2C_IsAcknowledgeFailed  stm32f4xx_hal_i2c.o
    0x080046ae   0x000000f0   Code   RO          304    i.I2C_RequestMemoryRead  stm32f4xx_hal_i2c.o
    0x0800479e   0x00000002   PAD
    0x080047a0   0x000000a0   Code   RO          305    i.I2C_RequestMemoryWrite  stm32f4xx_hal_i2c.o
    0x08004840   0x0000004e   Code   RO          308    i.I2C_WaitOnBTFFlagUntilTimeout  stm32f4xx_hal_i2c.o
    0x0800488e   0x00000060   Code   RO          309    i.I2C_WaitOnFlagUntilTimeout  stm32f4xx_hal_i2c.o
    0x080048ee   0x00000002   PAD
    0x080048f0   0x00000088   Code   RO          310    i.I2C_WaitOnMasterAddressFlagUntilTimeout  stm32f4xx_hal_i2c.o
    0x08004978   0x00000062   Code   RO          311    i.I2C_WaitOnRXNEFlagUntilTimeout  stm32f4xx_hal_i2c.o
    0x080049da   0x0000004e   Code   RO          312    i.I2C_WaitOnTXEFlagUntilTimeout  stm32f4xx_hal_i2c.o
    0x08004a28   0x00000014   Code   RO         3458    i.I2Cx_Error        stm32f4_discovery.o
    0x08004a3c   0x00000040   Code   RO         3459    i.I2Cx_Init         stm32f4_discovery.o
    0x08004a7c   0x00000088   Code   RO         3460    i.I2Cx_MspInit      stm32f4_discovery.o
    0x08004b04   0x00000044   Code   RO         3618    i.I2S2_Init         stm32f4_discovery_audio.o
    0x08004b48   0x0000003c   Code   RO         3619    i.I2S3_Init         stm32f4_discovery_audio.o
    0x08004b84   0x00000088   Code   RO         2592    i.I2SEx_FullDuplexRx_IT  stm32f4xx_hal_i2s_ex.o
    0x08004c0c   0x00000084   Code   RO         2593    i.I2SEx_FullDuplexTx_IT  stm32f4xx_hal_i2s_ex.o
    0x08004c90   0x00000028   Code   RO          787    i.I2S_DMAError      stm32f4xx_hal_i2s.o
    0x08004cb8   0x00000028   Code   RO          788    i.I2S_DMARxCplt     stm32f4xx_hal_i2s.o
    0x08004ce0   0x0000000a   Code   RO          789    i.I2S_DMARxHalfCplt  stm32f4xx_hal_i2s.o
    0x08004cea   0x00000028   Code   RO          790    i.I2S_DMATxCplt     stm32f4xx_hal_i2s.o
    0x08004d12   0x0000000a   Code   RO          791    i.I2S_DMATxHalfCplt  stm32f4xx_hal_i2s.o
    0x08004d1c   0x000000f0   Code   RO          792    i.I2S_IRQHandler    stm32f4xx_hal_i2s.o
    0x08004e0c   0x00000002   Code   RO         3912    i.MemManage_Handler  stm32f4xx_it.o
    0x08004e0e   0x00000002   Code   RO         3913    i.NMI_Handler       stm32f4xx_it.o
    0x08004e10   0x00000020   Code   RO         1720    i.NVIC_SetPriority  stm32f4xx_hal_cortex.o
    0x08004e30   0x00000060   Code   RO         3620    i.PDMDecoder_Init   stm32f4_discovery_audio.o
    0x08004e90   0x00000002   Code   RO         3914    i.PendSV_Handler    stm32f4xx_it.o
    0x08004e92   0x00000002   Code   RO         3915    i.SVC_Handler       stm32f4xx_it.o
    0x08004e94   0x00000024   Code   RO         3916    i.SysTick_Handler   stm32f4xx_it.o
    0x08004eb8   0x00000098   Code   RO         4078    i.SystemClock_Config  main.o
    0x08004f50   0x00000054   Code   RO           14    i.SystemInit        system_stm32f4xx.o
    0x08004fa4   0x0000000c   Code   RO         3917    i.TIM4_IRQHandler   stm32f4xx_it.o
    0x08004fb0   0x000000c0   Code   RO         1139    i.TIM_Base_SetConfig  stm32f4xx_hal_tim.o
    0x08005070   0x00000016   Code   RO         1140    i.TIM_CCxChannelCmd  stm32f4xx_hal_tim.o
    0x08005086   0x00000002   PAD
    0x08005088   0x000000a0   Code   RO         4079    i.TIM_LED_Config    main.o
    0x08005128   0x00000058   Code   RO         1148    i.TIM_OC1_SetConfig  stm32f4xx_hal_tim.o
    0x08005180   0x00000064   Code   RO         1149    i.TIM_OC2_SetConfig  stm32f4xx_hal_tim.o
    0x080051e4   0x00000060   Code   RO         1150    i.TIM_OC3_SetConfig  stm32f4xx_hal_tim.o
    0x08005244   0x00000050   Code   RO         1151    i.TIM_OC4_SetConfig  stm32f4xx_hal_tim.o
    0x08005294   0x00000010   Code   RO         3155    i.UART_DMAAbortOnError  stm32f4xx_hal_uart.o
    0x080052a4   0x0000001c   Code   RO         3165    i.UART_EndRxTransfer  stm32f4xx_hal_uart.o
    0x080052c0   0x0000008c   Code   RO         3167    i.UART_Receive_IT   stm32f4xx_hal_uart.o
    0x0800534c   0x000002ac   Code   RO         3168    i.UART_SetConfig    stm32f4xx_hal_uart.o
    0x080055f8   0x00000062   Code   RO         3169    i.UART_Transmit_IT  stm32f4xx_hal_uart.o
    0x0800565a   0x00000002   PAD
    0x0800565c   0x0000000c   Code   RO         3918    i.USART2_IRQHandler  stm32f4xx_it.o
    0x08005668   0x00000002   Code   RO         3919    i.UsageFault_Handler  stm32f4xx_it.o
    0x0800566a   0x00000002   PAD
    0x0800566c   0x00000028   Code   RO         4020    i.WavePlayBack      waveplayer.o
    0x08005694   0x00000010   Code   RO         4021    i.WavePlayerInit    waveplayer.o
    0x080056a4   0x0000002c   Code   RO         3841    i.WaveRecorderProcess  waverecorder.o
    0x080056d0   0x00000020   Code   RO         4303    i.__0printf$1       mc_w.l(printf1.o)
    0x080056f0   0x00000030   Code   RO         4623    i.__ARM_fpclassify  m_wm.l(fpclassify.o)
    0x08005720   0x000000c8   Code   RO         4224    i.__hardfp_cos      m_wm.l(cos.o)
    0x080057e8   0x00000438   Code   RO         4560    i.__ieee754_rem_pio2  m_wm.l(rred.o)
    0x08005c20   0x00000170   Code   RO         4543    i.__kernel_cos      m_wm.l(cos_i.o)
    0x08005d90   0x000000f8   Code   RO         4625    i.__kernel_poly     m_wm.l(poly.o)
    0x08005e88   0x00000130   Code   RO         4565    i.__kernel_sin      m_wm.l(sin_i.o)
    0x08005fb8   0x00000014   Code   RO         4547    i.__mathlib_dbl_infnan  m_wm.l(dunder.o)
    0x08005fcc   0x00000004   PAD
    0x08005fd0   0x00000020   Code   RO         4549    i.__mathlib_dbl_invalid  m_wm.l(dunder.o)
    0x08005ff0   0x00000020   Code   RO         4552    i.__mathlib_dbl_underflow  m_wm.l(dunder.o)
    0x08006010   0x0000000e   Code   RO         4635    i.__scatterload_copy  mc_w.l(handlers.o)
    0x0800601e   0x00000002   Code   RO         4636    i.__scatterload_null  mc_w.l(handlers.o)
    0x08006020   0x0000000e   Code   RO         4637    i.__scatterload_zeroinit  mc_w.l(handlers.o)
    0x0800602e   0x00000002   PAD
    0x08006030   0x0000000c   Code   RO         4597    i.__set_errno       mc_w.l(errno.o)
    0x0800603c   0x00000154   Code   RO         4310    i._printf_core      mc_w.l(printf1.o)
    0x08006190   0x00000052   Code   RO         4080    i.convolve          main.o
    0x080061e2   0x00000010   Code   RO         4226    i.cos               m_wm.l(cos.o)
    0x080061f2   0x00000004   Code   RO          151    i.cs43l22_DeInit    cs43l22.o
    0x080061f6   0x00000002   PAD
    0x080061f8   0x000000e0   Code   RO          152    i.cs43l22_Init      cs43l22.o
    0x080062d8   0x0000001a   Code   RO          153    i.cs43l22_Pause     cs43l22.o
    0x080062f2   0x00000002   PAD
    0x080062f4   0x0000003c   Code   RO          154    i.cs43l22_Play      cs43l22.o
    0x08006330   0x00000016   Code   RO          155    i.cs43l22_ReadID    cs43l22.o
    0x08006346   0x00000004   Code   RO          156    i.cs43l22_Reset     cs43l22.o
    0x0800634a   0x00000002   PAD
    0x0800634c   0x0000003c   Code   RO          157    i.cs43l22_Resume    cs43l22.o
    0x08006388   0x00000004   Code   RO          158    i.cs43l22_SetFrequency  cs43l22.o
    0x0800638c   0x00000054   Code   RO          159    i.cs43l22_SetMute   cs43l22.o
    0x080063e0   0x00000050   Code   RO          160    i.cs43l22_SetOutputMode  cs43l22.o
    0x08006430   0x0000003c   Code   RO          161    i.cs43l22_SetVolume  cs43l22.o
    0x0800646c   0x00000030   Code   RO          162    i.cs43l22_Stop      cs43l22.o
    0x0800649c   0x00000018   Code   RO         4619    i.fabs              m_wm.l(fabs.o)
    0x080064b4   0x00000028   Code   RO         4189    i.fputc             fprint_debug.o
    0x080064dc   0x00000328   Code   RO         4081    i.main              main.o
    0x08006804   0x00000060   Code   RO         4082    i.printNs           main.o
    0x08006864   0x0000006e   Code   RO         4238    i.sqrt              m_wm.l(sqrt.o)
    0x080068d2   0x00000002   PAD
    0x080068d4   0x0000007e   Code   RO         4083    i.update            main.o
    0x08006952   0x00000002   PAD
    0x08006954   0x00000024   Code   RO         4084    i.vecSub            main.o
    0x08006978   0x00000010   Data   RO           15    .constdata          system_stm32f4xx.o
    0x08006988   0x00000008   Data   RO           16    .constdata          system_stm32f4xx.o
    0x08006990   0x00000008   Data   RO         2091    .constdata          stm32f4xx_hal_dma.o
    0x08006998   0x0000000c   Data   RO         3464    .constdata          stm32f4_discovery.o
    0x080069a4   0x00000060   Data   RO         3622    .constdata          stm32f4_discovery_audio.o
    0x08006a04   0x00000004   PAD
    0x08006a08   0x00000030   Data   RO         4544    .constdata          m_wm.l(cos_i.o)
    0x08006a38   0x000000c8   Data   RO         4562    .constdata          m_wm.l(rred.o)
    0x08006b00   0x00000028   Data   RO         4566    .constdata          m_wm.l(sin_i.o)
    0x08006b28   0x00000020   Data   RO         4633    Region$$Table       anon$$obj.o


    Execution Region RW_IRAM1 (Base: 0x20000000, Size: 0x00003808, Max: 0x00020000, ABSOLUTE, COMPRESSED[0x00000258])

    Base Addr    Size         Type   Attr      Idx    E Section Name        Object

    0x20000000   0x00000004   Data   RW           17    .data               system_stm32f4xx.o
    0x20000004   0x00000030   Data   RW          163    .data               cs43l22.o
    0x20000034   0x00000002   Data   RW          164    .data               cs43l22.o
    0x20000036   0x00000002   PAD
    0x20000038   0x00000004   Data   RW         2324    .data               stm32f4xx_hal.o
    0x2000003c   0x0000001c   Data   RW         3465    .data               stm32f4_discovery.o
    0x20000058   0x00000008   Data   RW         3623    .data               stm32f4_discovery_audio.o
    0x20000060   0x0000000c   Data   RW         3844    .data               waverecorder.o
    0x2000006c   0x00000004   Data   RW         3920    .data               stm32f4xx_it.o
    0x20000070   0x00000008   Data   RW         4024    .data               waveplayer.o
    0x20000078   0x00000014   Data   RW         4087    .data               main.o
    0x2000008c   0x00000004   Data   RW         4190    .data               fprint_debug.o
    0x20000090   0x00000304   Data   RW         4222    .data               libPDMFilter_CM4_keil.lib(pdm_filter.o)
    0x20000394   0x00000004   Data   RW         4252    .data               mc_w.l(rand.o)
    0x20000398   0x00000004   Data   RW         4598    .data               mc_w.l(errno.o)
    0x2000039c   0x000000ac   Zero   RW         3463    .bss                stm32f4_discovery.o
    0x20000448   0x00000184   Zero   RW         3621    .bss                stm32f4_discovery_audio.o
    0x200005cc   0x000002a0   Zero   RW         3843    .bss                waverecorder.o
    0x2000086c   0x00000200   Zero   RW         4023    .bss                waveplayer.o
    0x20000a6c   0x00000d98   Zero   RW         4086    .bss                main.o
    0x20001804   0x00000004   PAD
    0x20001808   0x00002000   Zero   RW            1    STACK               startup_stm32f407xx.o


==============================================================================

Image component sizes


      Code (inc. data)   RO Data    RW Data    ZI Data      Debug   Object Name

       686         28          0         50          0      11949   cs43l22.o
        40          4          0          4          0      29381   fprint_debug.o
      1648        140          0         20       3480       9472   main.o
        36          8        392          0       8192        904   startup_stm32f407xx.o
       742        110         12         28        172      14884   stm32f4_discovery.o
      1304        160         96          8        388      18545   stm32f4_discovery_audio.o
       154         26          0          4          0       6364   stm32f4xx_hal.o
       194         14          0          0          0      31059   stm32f4xx_hal_cortex.o
      1042         22          8          0          0       8135   stm32f4xx_hal_dma.o
       474         50          0          0          0       4176   stm32f4xx_hal_gpio.o
      2074         36          0          0          0      16896   stm32f4xx_hal_i2c.o
      1132         42          0          0          0       9749   stm32f4xx_hal_i2s.o
       754         26          0          0          0       4119   stm32f4xx_hal_i2s_ex.o
       128          8          0          0          0       1131   stm32f4xx_hal_msp.o
      1376         70          0          0          0       5784   stm32f4xx_hal_rcc.o
       512         42          0          0          0       3324   stm32f4xx_hal_rcc_ex.o
      1262         90          0          0          0      14125   stm32f4xx_hal_tim.o
         4          0          0          0          0       1922   stm32f4xx_hal_tim_ex.o
      1342         14          0          0          0       8567   stm32f4xx_hal_uart.o
       112         28          0          4          0       8743   stm32f4xx_it.o
        84         18         24          4          0     694839   system_stm32f4xx.o
        94         28          0          8        512       3642   waveplayer.o
       204         34          0         12        672       3596   waverecorder.o

    ----------------------------------------------------------------------
     15430        998        568        144      13420     911306   Object Totals
         0          0         32          0          0          0   (incl. Generated)
        32          0          4          2          4          0   (incl. Padding)

    ----------------------------------------------------------------------

      Code (inc. data)   RO Data    RW Data    ZI Data      Debug   Library Member Name

      6208        112          0        772          0        380   pdm_filter.o
       216         20          0          0          0        288   cos.o
       368         46         48          0          0        200   cos_i.o
        84         16          0          0          0        372   dunder.o
        24          0          0          0          0        124   fabs.o
        48          0          0          0          0        124   fpclassify.o
       248          0          0          0          0        152   poly.o
      1080        142        200          0          0        188   rred.o
       304         24         40          0          0        208   sin_i.o
       110          0          0          0          0        148   sqrt.o
        86          0          0          0          0          0   __dczerorl2.o
         0          0          0          0          0          0   entry.o
         0          0          0          0          0          0   entry10a.o
         0          0          0          0          0          0   entry11a.o
         8          4          0          0          0          0   entry2.o
         4          0          0          0          0          0   entry5.o
         0          0          0          0          0          0   entry7b.o
         0          0          0          0          0          0   entry8b.o
         8          4          0          0          0          0   entry9a.o
        12          6          0          4          0         68   errno.o
        30          0          0          0          0          0   handlers.o
        36          8          0          0          0         68   init.o
         0          0          0          0          0          0   iusefp.o
        30          0          0          0          0         68   llshl.o
        36          0          0          0          0         68   llsshr.o
        32          0          0          0          0         68   llushr.o
        36          0          0          0          0         68   memcpya.o
       372         14          0          0          0        184   printf1.o
        36         10          0          4          0        136   rand.o
        44          0          0          0          0         80   uidiv.o
        20          0          0          0          0         68   cfrcmple.o
        56          0          0          0          0         88   d2f.o
       334          0          0          0          0        148   dadd.o
       222          0          0          0          0        100   ddiv.o
       186          0          0          0          0        176   depilogue.o
        62          0          0          0          0         80   dfixi.o
        50          0          0          0          0         76   dfixui.o
        34          0          0          0          0         76   dflti.o
        26          0          0          0          0         76   dfltui.o
       228          0          0          0          0         96   dmul.o
        46          0          0          0          0         80   dscalb.o
       162          0          0          0          0        100   dsqrt.o
        38          0          0          0          0         68   f2d.o
       110          0          0          0          0        168   fepilogue.o
        10          0          0          0          0         68   ffltui.o
       100          0          0          0          0         76   fmul.o
        24          0          0          0          0         68   fscalb.o

    ----------------------------------------------------------------------
     11178        406        288        780          0       4604   Library Totals
        10          0          0          0          0          0   (incl. Padding)

    ----------------------------------------------------------------------

      Code (inc. data)   RO Data    RW Data    ZI Data      Debug   Library Name

      6208        112          0        772          0        380   libPDMFilter_CM4_keil.lib
      2482        248        288          0          0       1804   m_wm.l
       770         46          0          8          0        808   mc_w.l
      1708          0          0          0          0       1612   mf_w.l

    ----------------------------------------------------------------------
     11178        406        288        780          0       4604   Library Totals

    ----------------------------------------------------------------------

==============================================================================


      Code (inc. data)   RO Data    RW Data    ZI Data      Debug   

     26608       1404        856        924      13420     897342   Grand Totals
     26608       1404        856        600      13420     897342   ELF Image Totals (compressed)
     26608       1404        856        600          0          0   ROM Totals

==============================================================================

    Total RO  Size (Code + RO Data)                27464 (  26.82kB)
    Total RW  Size (RW Data + ZI Data)             14344 (  14.01kB)
    Total ROM Size (Code + RO Data + RW Data)      28064 (  27.41kB)

==============================================================================

